<?xml version="1.0" encoding="ISO-8859-1" ?>
<link_info>
   <banner>TI ARM Linker PC v20.2.6.LTS</banner>
   <copyright>Copyright (c) 1996-2018 Texas Instruments Incorporated</copyright>
   <link_time>0x637b4e8c</link_time>
   <link_errors>0x0</link_errors>
   <output_file>tracer_start_0913.out</output_file>
   <entry_point>
      <name>_c_int00_noargs</name>
      <address>0x3f89</address>
   </entry_point>
   <input_file_list>
      <input_file id="fl-2">
         <path>.\</path>
         <kind>object</kind>
         <file>Clock.obj</file>
         <name>Clock.obj</name>
      </input_file>
      <input_file id="fl-3">
         <path>.\</path>
         <kind>object</kind>
         <file>main.obj</file>
         <name>main.obj</name>
      </input_file>
      <input_file id="fl-4">
         <path>.\</path>
         <kind>object</kind>
         <file>startup_msp432p401r_ccs.obj</file>
         <name>startup_msp432p401r_ccs.obj</name>
      </input_file>
      <input_file id="fl-5">
         <path>.\</path>
         <kind>object</kind>
         <file>system_msp432p401r.obj</file>
         <name>system_msp432p401r.obj</name>
      </input_file>
      <input_file id="fl-9">
         <kind>object</kind>
         <file>&lt;internal&gt;</file>
         <name>&lt;internal&gt;</name>
      </input_file>
      <input_file id="fl-bf">
         <path>C:\ti\ccs1200\ccs\tools\compiler\ti-cgt-arm_20.2.6.LTS\lib\</path>
         <kind>archive</kind>
         <file>rtsv7M4_T_le_v4SPD16_eabi.lib</file>
         <name>printf.c.obj</name>
      </input_file>
      <input_file id="fl-c0">
         <path>C:\ti\ccs1200\ccs\tools\compiler\ti-cgt-arm_20.2.6.LTS\lib\</path>
         <kind>archive</kind>
         <file>rtsv7M4_T_le_v4SPD16_eabi.lib</file>
         <name>_printfi.c.obj</name>
      </input_file>
      <input_file id="fl-c1">
         <path>C:\ti\ccs1200\ccs\tools\compiler\ti-cgt-arm_20.2.6.LTS\lib\</path>
         <kind>archive</kind>
         <file>rtsv7M4_T_le_v4SPD16_eabi.lib</file>
         <name>fputc.c.obj</name>
      </input_file>
      <input_file id="fl-c2">
         <path>C:\ti\ccs1200\ccs\tools\compiler\ti-cgt-arm_20.2.6.LTS\lib\</path>
         <kind>archive</kind>
         <file>rtsv7M4_T_le_v4SPD16_eabi.lib</file>
         <name>fputs.c.obj</name>
      </input_file>
      <input_file id="fl-c3">
         <path>C:\ti\ccs1200\ccs\tools\compiler\ti-cgt-arm_20.2.6.LTS\lib\</path>
         <kind>archive</kind>
         <file>rtsv7M4_T_le_v4SPD16_eabi.lib</file>
         <name>_io_perm.c.obj</name>
      </input_file>
      <input_file id="fl-c4">
         <path>C:\ti\ccs1200\ccs\tools\compiler\ti-cgt-arm_20.2.6.LTS\lib\</path>
         <kind>archive</kind>
         <file>rtsv7M4_T_le_v4SPD16_eabi.lib</file>
         <name>setvbuf.c.obj</name>
      </input_file>
      <input_file id="fl-c5">
         <path>C:\ti\ccs1200\ccs\tools\compiler\ti-cgt-arm_20.2.6.LTS\lib\</path>
         <kind>archive</kind>
         <file>rtsv7M4_T_le_v4SPD16_eabi.lib</file>
         <name>fd_add_t2.asm.obj</name>
      </input_file>
      <input_file id="fl-c6">
         <path>C:\ti\ccs1200\ccs\tools\compiler\ti-cgt-arm_20.2.6.LTS\lib\</path>
         <kind>archive</kind>
         <file>rtsv7M4_T_le_v4SPD16_eabi.lib</file>
         <name>fd_cmp_t2.asm.obj</name>
      </input_file>
      <input_file id="fl-c7">
         <path>C:\ti\ccs1200\ccs\tools\compiler\ti-cgt-arm_20.2.6.LTS\lib\</path>
         <kind>archive</kind>
         <file>rtsv7M4_T_le_v4SPD16_eabi.lib</file>
         <name>fd_div_t2.asm.obj</name>
      </input_file>
      <input_file id="fl-c8">
         <path>C:\ti\ccs1200\ccs\tools\compiler\ti-cgt-arm_20.2.6.LTS\lib\</path>
         <kind>archive</kind>
         <file>rtsv7M4_T_le_v4SPD16_eabi.lib</file>
         <name>fd_mul_t2.asm.obj</name>
      </input_file>
      <input_file id="fl-c9">
         <path>C:\ti\ccs1200\ccs\tools\compiler\ti-cgt-arm_20.2.6.LTS\lib\</path>
         <kind>archive</kind>
         <file>rtsv7M4_T_le_v4SPD16_eabi.lib</file>
         <name>fd_toi_t2.asm.obj</name>
      </input_file>
      <input_file id="fl-ca">
         <path>C:\ti\ccs1200\ccs\tools\compiler\ti-cgt-arm_20.2.6.LTS\lib\</path>
         <kind>archive</kind>
         <file>rtsv7M4_T_le_v4SPD16_eabi.lib</file>
         <name>i_tofd_t2.asm.obj</name>
      </input_file>
      <input_file id="fl-cb">
         <path>C:\ti\ccs1200\ccs\tools\compiler\ti-cgt-arm_20.2.6.LTS\lib\</path>
         <kind>archive</kind>
         <file>rtsv7M4_T_le_v4SPD16_eabi.lib</file>
         <name>memcpy_t2.asm.obj</name>
      </input_file>
      <input_file id="fl-cc">
         <path>C:\ti\ccs1200\ccs\tools\compiler\ti-cgt-arm_20.2.6.LTS\lib\</path>
         <kind>archive</kind>
         <file>rtsv7M4_T_le_v4SPD16_eabi.lib</file>
         <name>memset_t2.asm.obj</name>
      </input_file>
      <input_file id="fl-cd">
         <path>C:\ti\ccs1200\ccs\tools\compiler\ti-cgt-arm_20.2.6.LTS\lib\</path>
         <kind>archive</kind>
         <file>rtsv7M4_T_le_v4SPD16_eabi.lib</file>
         <name>ull_div_t2.asm.obj</name>
      </input_file>
      <input_file id="fl-ce">
         <path>C:\ti\ccs1200\ccs\tools\compiler\ti-cgt-arm_20.2.6.LTS\lib\</path>
         <kind>archive</kind>
         <file>rtsv7M4_T_le_v4SPD16_eabi.lib</file>
         <name>copy_zero_init.c.obj</name>
      </input_file>
      <input_file id="fl-cf">
         <path>C:\ti\ccs1200\ccs\tools\compiler\ti-cgt-arm_20.2.6.LTS\lib\</path>
         <kind>archive</kind>
         <file>rtsv7M4_T_le_v4SPD16_eabi.lib</file>
         <name>copy_decompress_none.c.obj</name>
      </input_file>
      <input_file id="fl-d0">
         <path>C:\ti\ccs1200\ccs\tools\compiler\ti-cgt-arm_20.2.6.LTS\lib\</path>
         <kind>archive</kind>
         <file>rtsv7M4_T_le_v4SPD16_eabi.lib</file>
         <name>copy_decompress_lzss.c.obj</name>
      </input_file>
      <input_file id="fl-d1">
         <path>C:\ti\ccs1200\ccs\tools\compiler\ti-cgt-arm_20.2.6.LTS\lib\</path>
         <kind>archive</kind>
         <file>rtsv7M4_T_le_v4SPD16_eabi.lib</file>
         <name>exit.c.obj</name>
      </input_file>
      <input_file id="fl-d2">
         <path>C:\ti\ccs1200\ccs\tools\compiler\ti-cgt-arm_20.2.6.LTS\lib\</path>
         <kind>archive</kind>
         <file>rtsv7M4_T_le_v4SPD16_eabi.lib</file>
         <name>_lock.c.obj</name>
      </input_file>
      <input_file id="fl-d3">
         <path>C:\ti\ccs1200\ccs\tools\compiler\ti-cgt-arm_20.2.6.LTS\lib\</path>
         <kind>archive</kind>
         <file>rtsv7M4_T_le_v4SPD16_eabi.lib</file>
         <name>_ltoa.c.obj</name>
      </input_file>
      <input_file id="fl-d4">
         <path>C:\ti\ccs1200\ccs\tools\compiler\ti-cgt-arm_20.2.6.LTS\lib\</path>
         <kind>archive</kind>
         <file>rtsv7M4_T_le_v4SPD16_eabi.lib</file>
         <name>atoi.c.obj</name>
      </input_file>
      <input_file id="fl-d5">
         <path>C:\ti\ccs1200\ccs\tools\compiler\ti-cgt-arm_20.2.6.LTS\lib\</path>
         <kind>archive</kind>
         <file>rtsv7M4_T_le_v4SPD16_eabi.lib</file>
         <name>ctype.c.obj</name>
      </input_file>
      <input_file id="fl-d6">
         <path>C:\ti\ccs1200\ccs\tools\compiler\ti-cgt-arm_20.2.6.LTS\lib\</path>
         <kind>archive</kind>
         <file>rtsv7M4_T_le_v4SPD16_eabi.lib</file>
         <name>defs.c.obj</name>
      </input_file>
      <input_file id="fl-d7">
         <path>C:\ti\ccs1200\ccs\tools\compiler\ti-cgt-arm_20.2.6.LTS\lib\</path>
         <kind>archive</kind>
         <file>rtsv7M4_T_le_v4SPD16_eabi.lib</file>
         <name>memccpy.c.obj</name>
      </input_file>
      <input_file id="fl-d8">
         <path>C:\ti\ccs1200\ccs\tools\compiler\ti-cgt-arm_20.2.6.LTS\lib\</path>
         <kind>archive</kind>
         <file>rtsv7M4_T_le_v4SPD16_eabi.lib</file>
         <name>memchr.c.obj</name>
      </input_file>
      <input_file id="fl-d9">
         <path>C:\ti\ccs1200\ccs\tools\compiler\ti-cgt-arm_20.2.6.LTS\lib\</path>
         <kind>archive</kind>
         <file>rtsv7M4_T_le_v4SPD16_eabi.lib</file>
         <name>memory.c.obj</name>
      </input_file>
      <input_file id="fl-da">
         <path>C:\ti\ccs1200\ccs\tools\compiler\ti-cgt-arm_20.2.6.LTS\lib\</path>
         <kind>archive</kind>
         <file>rtsv7M4_T_le_v4SPD16_eabi.lib</file>
         <name>strchr.c.obj</name>
      </input_file>
      <input_file id="fl-db">
         <path>C:\ti\ccs1200\ccs\tools\compiler\ti-cgt-arm_20.2.6.LTS\lib\</path>
         <kind>archive</kind>
         <file>rtsv7M4_T_le_v4SPD16_eabi.lib</file>
         <name>strlen.c.obj</name>
      </input_file>
      <input_file id="fl-dc">
         <path>C:\ti\ccs1200\ccs\tools\compiler\ti-cgt-arm_20.2.6.LTS\lib\</path>
         <kind>archive</kind>
         <file>rtsv7M4_T_le_v4SPD16_eabi.lib</file>
         <name>write.c.obj</name>
      </input_file>
      <input_file id="fl-dd">
         <path>C:\ti\ccs1200\ccs\tools\compiler\ti-cgt-arm_20.2.6.LTS\lib\</path>
         <kind>archive</kind>
         <file>rtsv7M4_T_le_v4SPD16_eabi.lib</file>
         <name>host_device.c.obj</name>
      </input_file>
      <input_file id="fl-de">
         <path>C:\ti\ccs1200\ccs\tools\compiler\ti-cgt-arm_20.2.6.LTS\lib\</path>
         <kind>archive</kind>
         <file>rtsv7M4_T_le_v4SPD16_eabi.lib</file>
         <name>errno.c.obj</name>
      </input_file>
      <input_file id="fl-df">
         <path>C:\ti\ccs1200\ccs\tools\compiler\ti-cgt-arm_20.2.6.LTS\lib\</path>
         <kind>archive</kind>
         <file>rtsv7M4_T_le_v4SPD16_eabi.lib</file>
         <name>boot_cortex_m.c.obj</name>
      </input_file>
      <input_file id="fl-e0">
         <path>C:\ti\ccs1200\ccs\tools\compiler\ti-cgt-arm_20.2.6.LTS\lib\</path>
         <kind>archive</kind>
         <file>rtsv7M4_T_le_v4SPD16_eabi.lib</file>
         <name>s_frexp.c.obj</name>
      </input_file>
      <input_file id="fl-e1">
         <path>C:\ti\ccs1200\ccs\tools\compiler\ti-cgt-arm_20.2.6.LTS\lib\</path>
         <kind>archive</kind>
         <file>rtsv7M4_T_le_v4SPD16_eabi.lib</file>
         <name>s_scalbn.c.obj</name>
      </input_file>
      <input_file id="fl-e2">
         <path>C:\ti\ccs1200\ccs\tools\compiler\ti-cgt-arm_20.2.6.LTS\lib\</path>
         <kind>archive</kind>
         <file>rtsv7M4_T_le_v4SPD16_eabi.lib</file>
         <name>s_copysign.c.obj</name>
      </input_file>
      <input_file id="fl-e3">
         <path>C:\ti\ccs1200\ccs\tools\compiler\ti-cgt-arm_20.2.6.LTS\lib\</path>
         <kind>archive</kind>
         <file>rtsv7M4_T_le_v4SPD16_eabi.lib</file>
         <name>wcslen.c.obj</name>
      </input_file>
      <input_file id="fl-e4">
         <path>C:\ti\ccs1200\ccs\tools\compiler\ti-cgt-arm_20.2.6.LTS\lib\</path>
         <kind>archive</kind>
         <file>rtsv7M4_T_le_v4SPD16_eabi.lib</file>
         <name>fflush.c.obj</name>
      </input_file>
      <input_file id="fl-e5">
         <path>C:\ti\ccs1200\ccs\tools\compiler\ti-cgt-arm_20.2.6.LTS\lib\</path>
         <kind>archive</kind>
         <file>rtsv7M4_T_le_v4SPD16_eabi.lib</file>
         <name>fopen.c.obj</name>
      </input_file>
      <input_file id="fl-e6">
         <path>C:\ti\ccs1200\ccs\tools\compiler\ti-cgt-arm_20.2.6.LTS\lib\</path>
         <kind>archive</kind>
         <file>rtsv7M4_T_le_v4SPD16_eabi.lib</file>
         <name>fseek.c.obj</name>
      </input_file>
      <input_file id="fl-e7">
         <path>C:\ti\ccs1200\ccs\tools\compiler\ti-cgt-arm_20.2.6.LTS\lib\</path>
         <kind>archive</kind>
         <file>rtsv7M4_T_le_v4SPD16_eabi.lib</file>
         <name>div0.asm.obj</name>
      </input_file>
      <input_file id="fl-e8">
         <path>C:\ti\ccs1200\ccs\tools\compiler\ti-cgt-arm_20.2.6.LTS\lib\</path>
         <kind>archive</kind>
         <file>rtsv7M4_T_le_v4SPD16_eabi.lib</file>
         <name>autoinit.c.obj</name>
      </input_file>
      <input_file id="fl-e9">
         <path>C:\ti\ccs1200\ccs\tools\compiler\ti-cgt-arm_20.2.6.LTS\lib\</path>
         <kind>archive</kind>
         <file>rtsv7M4_T_le_v4SPD16_eabi.lib</file>
         <name>pre_init.c.obj</name>
      </input_file>
      <input_file id="fl-ea">
         <path>C:\ti\ccs1200\ccs\tools\compiler\ti-cgt-arm_20.2.6.LTS\lib\</path>
         <kind>archive</kind>
         <file>rtsv7M4_T_le_v4SPD16_eabi.lib</file>
         <name>cpy_tbl.c.obj</name>
      </input_file>
      <input_file id="fl-eb">
         <path>C:\ti\ccs1200\ccs\tools\compiler\ti-cgt-arm_20.2.6.LTS\lib\</path>
         <kind>archive</kind>
         <file>rtsv7M4_T_le_v4SPD16_eabi.lib</file>
         <name>args_main.c.obj</name>
      </input_file>
      <input_file id="fl-ec">
         <path>C:\ti\ccs1200\ccs\tools\compiler\ti-cgt-arm_20.2.6.LTS\lib\</path>
         <kind>archive</kind>
         <file>rtsv7M4_T_le_v4SPD16_eabi.lib</file>
         <name>hostclose.c.obj</name>
      </input_file>
      <input_file id="fl-ed">
         <path>C:\ti\ccs1200\ccs\tools\compiler\ti-cgt-arm_20.2.6.LTS\lib\</path>
         <kind>archive</kind>
         <file>rtsv7M4_T_le_v4SPD16_eabi.lib</file>
         <name>hostlseek.c.obj</name>
      </input_file>
      <input_file id="fl-ee">
         <path>C:\ti\ccs1200\ccs\tools\compiler\ti-cgt-arm_20.2.6.LTS\lib\</path>
         <kind>archive</kind>
         <file>rtsv7M4_T_le_v4SPD16_eabi.lib</file>
         <name>hostopen.c.obj</name>
      </input_file>
      <input_file id="fl-ef">
         <path>C:\ti\ccs1200\ccs\tools\compiler\ti-cgt-arm_20.2.6.LTS\lib\</path>
         <kind>archive</kind>
         <file>rtsv7M4_T_le_v4SPD16_eabi.lib</file>
         <name>hostread.c.obj</name>
      </input_file>
      <input_file id="fl-f0">
         <path>C:\ti\ccs1200\ccs\tools\compiler\ti-cgt-arm_20.2.6.LTS\lib\</path>
         <kind>archive</kind>
         <file>rtsv7M4_T_le_v4SPD16_eabi.lib</file>
         <name>hostrename.c.obj</name>
      </input_file>
      <input_file id="fl-f1">
         <path>C:\ti\ccs1200\ccs\tools\compiler\ti-cgt-arm_20.2.6.LTS\lib\</path>
         <kind>archive</kind>
         <file>rtsv7M4_T_le_v4SPD16_eabi.lib</file>
         <name>hostunlink.c.obj</name>
      </input_file>
      <input_file id="fl-f2">
         <path>C:\ti\ccs1200\ccs\tools\compiler\ti-cgt-arm_20.2.6.LTS\lib\</path>
         <kind>archive</kind>
         <file>rtsv7M4_T_le_v4SPD16_eabi.lib</file>
         <name>hostwrite.c.obj</name>
      </input_file>
      <input_file id="fl-f3">
         <path>C:\ti\ccs1200\ccs\tools\compiler\ti-cgt-arm_20.2.6.LTS\lib\</path>
         <kind>archive</kind>
         <file>rtsv7M4_T_le_v4SPD16_eabi.lib</file>
         <name>trgmsg.c.obj</name>
      </input_file>
      <input_file id="fl-f4">
         <path>C:\ti\ccs1200\ccs\tools\compiler\ti-cgt-arm_20.2.6.LTS\lib\</path>
         <kind>archive</kind>
         <file>rtsv7M4_T_le_v4SPD16_eabi.lib</file>
         <name>open.c.obj</name>
      </input_file>
      <input_file id="fl-f5">
         <path>C:\ti\ccs1200\ccs\tools\compiler\ti-cgt-arm_20.2.6.LTS\lib\</path>
         <kind>archive</kind>
         <file>rtsv7M4_T_le_v4SPD16_eabi.lib</file>
         <name>lseek.c.obj</name>
      </input_file>
      <input_file id="fl-f6">
         <path>C:\ti\ccs1200\ccs\tools\compiler\ti-cgt-arm_20.2.6.LTS\lib\</path>
         <kind>archive</kind>
         <file>rtsv7M4_T_le_v4SPD16_eabi.lib</file>
         <name>fclose.c.obj</name>
      </input_file>
      <input_file id="fl-f7">
         <path>C:\ti\ccs1200\ccs\tools\compiler\ti-cgt-arm_20.2.6.LTS\lib\</path>
         <kind>archive</kind>
         <file>rtsv7M4_T_le_v4SPD16_eabi.lib</file>
         <name>getdevice.c.obj</name>
      </input_file>
      <input_file id="fl-f8">
         <path>C:\ti\ccs1200\ccs\tools\compiler\ti-cgt-arm_20.2.6.LTS\lib\</path>
         <kind>archive</kind>
         <file>rtsv7M4_T_le_v4SPD16_eabi.lib</file>
         <name>strcmp.c.obj</name>
      </input_file>
      <input_file id="fl-f9">
         <path>C:\ti\ccs1200\ccs\tools\compiler\ti-cgt-arm_20.2.6.LTS\lib\</path>
         <kind>archive</kind>
         <file>rtsv7M4_T_le_v4SPD16_eabi.lib</file>
         <name>strcpy.c.obj</name>
      </input_file>
      <input_file id="fl-fa">
         <path>C:\ti\ccs1200\ccs\tools\compiler\ti-cgt-arm_20.2.6.LTS\lib\</path>
         <kind>archive</kind>
         <file>rtsv7M4_T_le_v4SPD16_eabi.lib</file>
         <name>strncpy.c.obj</name>
      </input_file>
      <input_file id="fl-fb">
         <path>C:\ti\ccs1200\ccs\tools\compiler\ti-cgt-arm_20.2.6.LTS\lib\</path>
         <kind>archive</kind>
         <file>rtsv7M4_T_le_v4SPD16_eabi.lib</file>
         <name>remove.c.obj</name>
      </input_file>
      <input_file id="fl-fc">
         <path>C:\ti\ccs1200\ccs\tools\compiler\ti-cgt-arm_20.2.6.LTS\lib\</path>
         <kind>archive</kind>
         <file>rtsv7M4_T_le_v4SPD16_eabi.lib</file>
         <name>close.c.obj</name>
      </input_file>
      <input_file id="fl-fd">
         <path>C:\ti\ccs1200\ccs\tools\compiler\ti-cgt-arm_20.2.6.LTS\lib\</path>
         <kind>archive</kind>
         <file>rtsv7M4_T_le_v4SPD16_eabi.lib</file>
         <name>unlink.c.obj</name>
      </input_file>
   </input_file_list>
   <object_component_list>
      <object_component id="oc-26">
         <name>.intvecs:retain</name>
         <load_address>0x0</load_address>
         <run_address>0x0</run_address>
         <size>0xe4</size>
         <input_file_ref idref="fl-4"/>
      </object_component>
      <object_component id="oc-70">
         <name>.text</name>
         <load_address>0xe4</load_address>
         <run_address>0xe4</run_address>
         <size>0x11fc</size>
         <input_file_ref idref="fl-3"/>
      </object_component>
      <object_component id="oc-14d">
         <name>.text:__TI_printfi</name>
         <load_address>0x12e0</load_address>
         <run_address>0x12e0</run_address>
         <size>0xa4e</size>
         <input_file_ref idref="fl-c0"/>
      </object_component>
      <object_component id="oc-1f3">
         <name>.text:_nop</name>
         <load_address>0x1d2e</load_address>
         <run_address>0x1d2e</run_address>
         <size>0x2</size>
         <input_file_ref idref="fl-d2"/>
      </object_component>
      <object_component id="oc-ac">
         <name>.text</name>
         <load_address>0x1d30</load_address>
         <run_address>0x1d30</run_address>
         <size>0x334</size>
         <input_file_ref idref="fl-5"/>
      </object_component>
      <object_component id="oc-1cf">
         <name>.text:_pconv_a</name>
         <load_address>0x2064</load_address>
         <run_address>0x2064</run_address>
         <size>0x270</size>
         <input_file_ref idref="fl-c0"/>
      </object_component>
      <object_component id="oc-cb">
         <name>.text</name>
         <load_address>0x22d4</load_address>
         <run_address>0x22d4</run_address>
         <size>0x1e0</size>
         <input_file_ref idref="fl-2"/>
      </object_component>
      <object_component id="oc-1bd">
         <name>.text:_pconv_g</name>
         <load_address>0x24b4</load_address>
         <run_address>0x24b4</run_address>
         <size>0x1d0</size>
         <input_file_ref idref="fl-c0"/>
      </object_component>
      <object_component id="oc-254">
         <name>.text</name>
         <load_address>0x2684</load_address>
         <run_address>0x2684</run_address>
         <size>0x1b6</size>
         <input_file_ref idref="fl-c5"/>
      </object_component>
      <object_component id="oc-2da">
         <name>.text</name>
         <load_address>0x283a</load_address>
         <run_address>0x283a</run_address>
         <size>0x2</size>
         <input_file_ref idref="fl-e7"/>
      </object_component>
      <object_component id="oc-1c9">
         <name>.text:_pconv_e</name>
         <load_address>0x283c</load_address>
         <run_address>0x283c</run_address>
         <size>0x13c</size>
         <input_file_ref idref="fl-c0"/>
      </object_component>
      <object_component id="oc-244">
         <name>.text</name>
         <load_address>0x2978</load_address>
         <run_address>0x2978</run_address>
         <size>0x136</size>
         <input_file_ref idref="fl-c7"/>
      </object_component>
      <object_component id="oc-266">
         <name>.text:fcvt</name>
         <load_address>0x2ab0</load_address>
         <run_address>0x2ab0</run_address>
         <size>0x124</size>
         <input_file_ref idref="fl-c0"/>
      </object_component>
      <object_component id="oc-201">
         <name>.text:fputs</name>
         <load_address>0x2bd4</load_address>
         <run_address>0x2bd4</run_address>
         <size>0x114</size>
         <input_file_ref idref="fl-c2"/>
      </object_component>
      <object_component id="oc-27a">
         <name>.text:scalbn</name>
         <load_address>0x2ce8</load_address>
         <run_address>0x2ce8</run_address>
         <size>0x110</size>
         <input_file_ref idref="fl-e1"/>
      </object_component>
      <object_component id="oc-382">
         <name>.text:aligned_alloc</name>
         <load_address>0x2df8</load_address>
         <run_address>0x2df8</run_address>
         <size>0x100</size>
         <input_file_ref idref="fl-d9"/>
      </object_component>
      <object_component id="oc-be">
         <name>.text</name>
         <load_address>0x2ef8</load_address>
         <run_address>0x2ef8</run_address>
         <size>0xfc</size>
         <input_file_ref idref="fl-c8"/>
      </object_component>
      <object_component id="oc-340">
         <name>.text:free</name>
         <load_address>0x2ff4</load_address>
         <run_address>0x2ff4</run_address>
         <size>0xe4</size>
         <input_file_ref idref="fl-d9"/>
      </object_component>
      <object_component id="oc-312">
         <name>.text:setvbuf</name>
         <load_address>0x30d8</load_address>
         <run_address>0x30d8</run_address>
         <size>0xdc</size>
         <input_file_ref idref="fl-c4"/>
      </object_component>
      <object_component id="oc-1b2">
         <name>.text:_ltostr</name>
         <load_address>0x31b4</load_address>
         <run_address>0x31b4</run_address>
         <size>0xb1</size>
         <input_file_ref idref="fl-c0"/>
      </object_component>
      <object_component id="oc-3a">
         <name>.text</name>
         <load_address>0x3266</load_address>
         <run_address>0x3266</run_address>
         <size>0x9c</size>
         <input_file_ref idref="fl-cb"/>
      </object_component>
      <object_component id="oc-23d">
         <name>.text</name>
         <load_address>0x3302</load_address>
         <run_address>0x3302</run_address>
         <size>0x96</size>
         <input_file_ref idref="fl-cd"/>
      </object_component>
      <object_component id="oc-208">
         <name>.text:fputc</name>
         <load_address>0x3398</load_address>
         <run_address>0x3398</run_address>
         <size>0x8c</size>
         <input_file_ref idref="fl-c1"/>
      </object_component>
      <object_component id="oc-1b8">
         <name>.text:__aeabi_cdcmple</name>
         <load_address>0x3424</load_address>
         <run_address>0x3424</run_address>
         <size>0x86</size>
         <input_file_ref idref="fl-c6"/>
      </object_component>
      <object_component id="oc-249">
         <name>.text:__aeabi_cdrcmple</name>
         <load_address>0x34aa</load_address>
         <run_address>0x34aa</run_address>
         <size>0x86</size>
         <input_file_ref idref="fl-c6"/>
      </object_component>
      <object_component id="oc-94">
         <name>.text</name>
         <load_address>0x3530</load_address>
         <run_address>0x3530</run_address>
         <size>0x7a</size>
         <input_file_ref idref="fl-cc"/>
      </object_component>
      <object_component id="oc-389">
         <name>.text:__TI_closefile</name>
         <load_address>0x35ac</load_address>
         <run_address>0x35ac</run_address>
         <size>0x74</size>
         <input_file_ref idref="fl-f6"/>
      </object_component>
      <object_component id="oc-3ca">
         <name>.text:split</name>
         <load_address>0x3620</load_address>
         <run_address>0x3620</run_address>
         <size>0x70</size>
         <input_file_ref idref="fl-d9"/>
      </object_component>
      <object_component id="oc-25f">
         <name>.text:_mcpy</name>
         <load_address>0x3690</load_address>
         <run_address>0x3690</run_address>
         <size>0x6e</size>
         <input_file_ref idref="fl-c0"/>
      </object_component>
      <object_component id="oc-3b9">
         <name>.text:HOSTrename</name>
         <load_address>0x3700</load_address>
         <run_address>0x3700</run_address>
         <size>0x6c</size>
         <input_file_ref idref="fl-f0"/>
      </object_component>
      <object_component id="oc-3ad">
         <name>.text:HOSTlseek</name>
         <load_address>0x376c</load_address>
         <run_address>0x376c</run_address>
         <size>0x68</size>
         <input_file_ref idref="fl-ed"/>
      </object_component>
      <object_component id="oc-17">
         <name>.text:decompress:lzss:__TI_decompress_lzss</name>
         <load_address>0x37d4</load_address>
         <run_address>0x37d4</run_address>
         <size>0x68</size>
         <input_file_ref idref="fl-d0"/>
      </object_component>
      <object_component id="oc-b3">
         <name>.text:printf</name>
         <load_address>0x383c</load_address>
         <run_address>0x383c</run_address>
         <size>0x68</size>
         <input_file_ref idref="fl-bf"/>
      </object_component>
      <object_component id="oc-274">
         <name>.text:frexp</name>
         <load_address>0x38a4</load_address>
         <run_address>0x38a4</run_address>
         <size>0x64</size>
         <input_file_ref idref="fl-e0"/>
      </object_component>
      <object_component id="oc-30c">
         <name>.text:fseek</name>
         <load_address>0x3908</load_address>
         <run_address>0x3908</run_address>
         <size>0x64</size>
         <input_file_ref idref="fl-e6"/>
      </object_component>
      <object_component id="oc-2ab">
         <name>.text:__TI_wrt_ok</name>
         <load_address>0x396c</load_address>
         <run_address>0x396c</run_address>
         <size>0x62</size>
         <input_file_ref idref="fl-c3"/>
      </object_component>
      <object_component id="oc-395">
         <name>.text:HOSTopen</name>
         <load_address>0x39d0</load_address>
         <run_address>0x39d0</run_address>
         <size>0x60</size>
         <input_file_ref idref="fl-ee"/>
      </object_component>
      <object_component id="oc-3d1">
         <name>.text:close</name>
         <load_address>0x3a30</load_address>
         <run_address>0x3a30</run_address>
         <size>0x5c</size>
         <input_file_ref idref="fl-fc"/>
      </object_component>
      <object_component id="oc-3a1">
         <name>.text:HOSTread</name>
         <load_address>0x3a8c</load_address>
         <run_address>0x3a8c</run_address>
         <size>0x58</size>
         <input_file_ref idref="fl-ef"/>
      </object_component>
      <object_component id="oc-3a7">
         <name>.text:HOSTwrite</name>
         <load_address>0x3ae4</load_address>
         <run_address>0x3ae4</run_address>
         <size>0x58</size>
         <input_file_ref idref="fl-f2"/>
      </object_component>
      <object_component id="oc-1c3">
         <name>.text:_pconv_f</name>
         <load_address>0x3b3c</load_address>
         <run_address>0x3b3c</run_address>
         <size>0x56</size>
         <input_file_ref idref="fl-c0"/>
      </object_component>
      <object_component id="oc-24e">
         <name>.text:__TI_ltoa</name>
         <load_address>0x3b92</load_address>
         <run_address>0x3b92</run_address>
         <size>0x54</size>
         <input_file_ref idref="fl-d3"/>
      </object_component>
      <object_component id="oc-259">
         <name>.text:_ecpy</name>
         <load_address>0x3be6</load_address>
         <run_address>0x3be6</run_address>
         <size>0x52</size>
         <input_file_ref idref="fl-c0"/>
      </object_component>
      <object_component id="oc-2b7">
         <name>.text:__TI_doflush</name>
         <load_address>0x3c38</load_address>
         <run_address>0x3c38</run_address>
         <size>0x4c</size>
         <input_file_ref idref="fl-e4"/>
      </object_component>
      <object_component id="oc-1ac">
         <name>.text:atoi</name>
         <load_address>0x3c84</load_address>
         <run_address>0x3c84</run_address>
         <size>0x4c</size>
         <input_file_ref idref="fl-d4"/>
      </object_component>
      <object_component id="oc-111">
         <name>.text:exit</name>
         <load_address>0x3cd0</load_address>
         <run_address>0x3cd0</run_address>
         <size>0x48</size>
         <input_file_ref idref="fl-d1"/>
      </object_component>
      <object_component id="oc-c3">
         <name>.text</name>
         <load_address>0x3d18</load_address>
         <run_address>0x3d18</run_address>
         <size>0x48</size>
         <input_file_ref idref="fl-c9"/>
      </object_component>
      <object_component id="oc-39b">
         <name>.text:HOSTclose</name>
         <load_address>0x3d60</load_address>
         <run_address>0x3d60</run_address>
         <size>0x44</size>
         <input_file_ref idref="fl-ec"/>
      </object_component>
      <object_component id="oc-3b3">
         <name>.text:HOSTunlink</name>
         <load_address>0x3da4</load_address>
         <run_address>0x3da4</run_address>
         <size>0x44</size>
         <input_file_ref idref="fl-f1"/>
      </object_component>
      <object_component id="oc-117">
         <name>.text:__TI_auto_init_nobinit_nopinit:__TI_auto_init_nobinit_nopinit</name>
         <load_address>0x3de8</load_address>
         <run_address>0x3de8</run_address>
         <size>0x44</size>
         <input_file_ref idref="fl-e8"/>
      </object_component>
      <object_component id="oc-409">
         <name>.text:getdevice</name>
         <load_address>0x3e2c</load_address>
         <run_address>0x3e2c</run_address>
         <size>0x44</size>
         <input_file_ref idref="fl-f7"/>
      </object_component>
      <object_component id="oc-26c">
         <name>.text:_fcpy</name>
         <load_address>0x3e70</load_address>
         <run_address>0x3e70</run_address>
         <size>0x3e</size>
         <input_file_ref idref="fl-c0"/>
      </object_component>
      <object_component id="oc-3e2">
         <name>.text:__TI_writemsg</name>
         <load_address>0x3eb0</load_address>
         <run_address>0x3eb0</run_address>
         <size>0x38</size>
         <input_file_ref idref="fl-f3"/>
      </object_component>
      <object_component id="oc-42b">
         <name>.text:strncpy</name>
         <load_address>0x3ee8</load_address>
         <run_address>0x3ee8</run_address>
         <size>0x36</size>
         <input_file_ref idref="fl-fa"/>
      </object_component>
      <object_component id="oc-34c">
         <name>.text:__TI_cleanup</name>
         <load_address>0x3f20</load_address>
         <run_address>0x3f20</run_address>
         <size>0x34</size>
         <input_file_ref idref="fl-e5"/>
      </object_component>
      <object_component id="oc-3e8">
         <name>.text:__TI_readmsg</name>
         <load_address>0x3f54</load_address>
         <run_address>0x3f54</run_address>
         <size>0x34</size>
         <input_file_ref idref="fl-f3"/>
      </object_component>
      <object_component id="oc-58">
         <name>.text:_c_int00_noargs:_c_int00_noargs</name>
         <load_address>0x3f88</load_address>
         <run_address>0x3f88</run_address>
         <size>0x34</size>
         <input_file_ref idref="fl-df"/>
      </object_component>
      <object_component id="oc-431">
         <name>.text:finddevice</name>
         <load_address>0x3fbc</load_address>
         <run_address>0x3fbc</run_address>
         <size>0x30</size>
         <input_file_ref idref="fl-f7"/>
      </object_component>
      <object_component id="oc-b9">
         <name>.text</name>
         <load_address>0x3fec</load_address>
         <run_address>0x3fec</run_address>
         <size>0x2e</size>
         <input_file_ref idref="fl-ca"/>
      </object_component>
      <object_component id="oc-3d7">
         <name>.text:unlink</name>
         <load_address>0x401c</load_address>
         <run_address>0x401c</run_address>
         <size>0x2c</size>
         <input_file_ref idref="fl-fd"/>
      </object_component>
      <object_component id="oc-37b">
         <name>.text:free_list_insert</name>
         <load_address>0x4048</load_address>
         <run_address>0x4048</run_address>
         <size>0x28</size>
         <input_file_ref idref="fl-d9"/>
      </object_component>
      <object_component id="oc-338">
         <name>.text:lseek</name>
         <load_address>0x4070</load_address>
         <run_address>0x4070</run_address>
         <size>0x28</size>
         <input_file_ref idref="fl-f5"/>
      </object_component>
      <object_component id="oc-2bd">
         <name>.text:write</name>
         <load_address>0x4098</load_address>
         <run_address>0x4098</run_address>
         <size>0x28</size>
         <input_file_ref idref="fl-dc"/>
      </object_component>
      <object_component id="oc-2b1">
         <name>.text:memchr</name>
         <load_address>0x40c0</load_address>
         <run_address>0x40c0</run_address>
         <size>0x20</size>
         <input_file_ref idref="fl-d8"/>
      </object_component>
      <object_component id="oc-46">
         <name>.text:decompress:ZI:__TI_zero_init_nomemset:__TI_zero_init_nomemset</name>
         <load_address>0x40e0</load_address>
         <run_address>0x40e0</run_address>
         <size>0x1c</size>
         <input_file_ref idref="fl-ce"/>
      </object_component>
      <object_component id="oc-375">
         <name>.text:free_list_remove</name>
         <load_address>0x40fc</load_address>
         <run_address>0x40fc</run_address>
         <size>0x1c</size>
         <input_file_ref idref="fl-d9"/>
      </object_component>
      <object_component id="oc-1d5">
         <name>.text:memccpy</name>
         <load_address>0x4118</load_address>
         <run_address>0x4118</run_address>
         <size>0x1c</size>
         <input_file_ref idref="fl-d7"/>
      </object_component>
      <object_component id="oc-2f0">
         <name>.text:copysign</name>
         <load_address>0x4134</load_address>
         <run_address>0x4134</run_address>
         <size>0x1a</size>
         <input_file_ref idref="fl-e2"/>
      </object_component>
      <object_component id="oc-448">
         <name>.text:strcmp</name>
         <load_address>0x414e</load_address>
         <run_address>0x414e</run_address>
         <size>0x18</size>
         <input_file_ref idref="fl-f8"/>
      </object_component>
      <object_component id="oc-280">
         <name>.text:strchr</name>
         <load_address>0x4166</load_address>
         <run_address>0x4166</run_address>
         <size>0x16</size>
         <input_file_ref idref="fl-da"/>
      </object_component>
      <object_component id="oc-3fc">
         <name>.text:strcpy</name>
         <load_address>0x417c</load_address>
         <run_address>0x417c</run_address>
         <size>0x14</size>
         <input_file_ref idref="fl-f9"/>
      </object_component>
      <object_component id="oc-1a6">
         <name>.text:strlen</name>
         <load_address>0x4190</load_address>
         <run_address>0x4190</run_address>
         <size>0x14</size>
         <input_file_ref idref="fl-db"/>
      </object_component>
      <object_component id="oc-1db">
         <name>.text:wcslen</name>
         <load_address>0x41a4</load_address>
         <run_address>0x41a4</run_address>
         <size>0x12</size>
         <input_file_ref idref="fl-e3"/>
      </object_component>
      <object_component id="oc-1d">
         <name>.text:decompress:none:__TI_decompress_none</name>
         <load_address>0x41b6</load_address>
         <run_address>0x41b6</run_address>
         <size>0xe</size>
         <input_file_ref idref="fl-cf"/>
      </object_component>
      <object_component id="oc-6a">
         <name>.text</name>
         <load_address>0x41c4</load_address>
         <run_address>0x41c4</run_address>
         <size>0xe</size>
         <input_file_ref idref="fl-4"/>
      </object_component>
      <object_component id="oc-1e1">
         <name>.text:__aeabi_errno_addr</name>
         <load_address>0x41d4</load_address>
         <run_address>0x41d4</run_address>
         <size>0x8</size>
         <input_file_ref idref="fl-de"/>
      </object_component>
      <object_component id="oc-346">
         <name>.text:malloc</name>
         <load_address>0x41dc</load_address>
         <run_address>0x41dc</run_address>
         <size>0x8</size>
         <input_file_ref idref="fl-d9"/>
      </object_component>
      <object_component id="oc-15f">
         <name>.text:_outc</name>
         <load_address>0x41e4</load_address>
         <run_address>0x41e4</run_address>
         <size>0x4</size>
         <input_file_ref idref="fl-bf"/>
      </object_component>
      <object_component id="oc-159">
         <name>.text:_outs</name>
         <load_address>0x41e8</load_address>
         <run_address>0x41e8</run_address>
         <size>0x4</size>
         <input_file_ref idref="fl-bf"/>
      </object_component>
      <object_component id="oc-9a">
         <name>.text:_system_pre_init</name>
         <load_address>0x41ec</load_address>
         <run_address>0x41ec</run_address>
         <size>0x4</size>
         <input_file_ref idref="fl-e9"/>
      </object_component>
      <object_component id="oc-10b">
         <name>.text:abort:abort</name>
         <load_address>0x41f0</load_address>
         <run_address>0x41f0</run_address>
         <size>0x4</size>
         <input_file_ref idref="fl-d1"/>
      </object_component>
      <object_component id="oc-238">
         <name>.const:.string:_ctypes_</name>
         <load_address>0x41f4</load_address>
         <run_address>0x41f4</run_address>
         <size>0x101</size>
         <input_file_ref idref="fl-d5"/>
      </object_component>
      <object_component id="oc-488">
         <name>.cinit..data.load</name>
         <load_address>0x42f8</load_address>
         <run_address>0x42f8</run_address>
         <size>0x85</size>
      </object_component>
      <object_component id="oc-486">
         <name>__TI_handler_table</name>
         <load_address>0x4380</load_address>
         <run_address>0x4380</run_address>
         <size>0xc</size>
      </object_component>
      <object_component id="oc-489">
         <name>.cinit..bss.load</name>
         <load_address>0x4390</load_address>
         <run_address>0x4390</run_address>
         <size>0x8</size>
      </object_component>
      <object_component id="oc-487">
         <name>__TI_cinit_table</name>
         <load_address>0x4398</load_address>
         <run_address>0x4398</run_address>
         <size>0x10</size>
      </object_component>
      <object_component id="oc-45a">
         <name>.binit</name>
         <load_address>0x0</load_address>
         <run_address>0x0</run_address>
         <size>0x0</size>
      </object_component>
      <object_component id="oc-171">
         <name>.data</name>
         <load_address>0x200005b8</load_address>
         <run_address>0x200005b8</run_address>
         <size>0x18</size>
         <input_file_ref idref="fl-2"/>
      </object_component>
      <object_component id="oc-c8">
         <name>.data</name>
         <load_address>0x200005d0</load_address>
         <run_address>0x200005d0</run_address>
         <size>0x14</size>
         <input_file_ref idref="fl-3"/>
      </object_component>
      <object_component id="oc-149">
         <name>.data</name>
         <load_address>0x20000614</load_address>
         <run_address>0x20000614</run_address>
         <size>0x4</size>
         <input_file_ref idref="fl-5"/>
      </object_component>
      <object_component id="oc-188">
         <name>.data:$O1$$</name>
         <load_address>0x200005f4</load_address>
         <run_address>0x200005f4</run_address>
         <size>0xc</size>
         <input_file_ref idref="fl-d1"/>
      </object_component>
      <object_component id="oc-153">
         <name>.data:$O1$$</name>
         <load_address>0x20000600</load_address>
         <run_address>0x20000600</run_address>
         <size>0x8</size>
         <input_file_ref idref="fl-d2"/>
      </object_component>
      <object_component id="oc-156">
         <name>.data:_ftable</name>
         <load_address>0x20000400</load_address>
         <run_address>0x20000400</run_address>
         <size>0xf0</size>
         <input_file_ref idref="fl-d6"/>
      </object_component>
      <object_component id="oc-38f">
         <name>.data</name>
         <load_address>0x200005e4</load_address>
         <run_address>0x200005e4</run_address>
         <size>0x10</size>
         <input_file_ref idref="fl-d6"/>
      </object_component>
      <object_component id="oc-3c5">
         <name>.data:$O1$$</name>
         <load_address>0x20000608</load_address>
         <run_address>0x20000608</run_address>
         <size>0x8</size>
         <input_file_ref idref="fl-d9"/>
      </object_component>
      <object_component id="oc-35f">
         <name>.data:_device</name>
         <load_address>0x200004f0</load_address>
         <run_address>0x200004f0</run_address>
         <size>0x78</size>
         <input_file_ref idref="fl-dd"/>
      </object_component>
      <object_component id="oc-31e">
         <name>.data:_stream</name>
         <load_address>0x20000568</load_address>
         <run_address>0x20000568</run_address>
         <size>0x50</size>
         <input_file_ref idref="fl-dd"/>
      </object_component>
      <object_component id="oc-290">
         <name>.data</name>
         <load_address>0x20000610</load_address>
         <run_address>0x20000610</run_address>
         <size>0x4</size>
         <input_file_ref idref="fl-de"/>
      </object_component>
      <object_component id="oc-413">
         <name>.bss:_CIOBUF_</name>
         <uninitialized>true</uninitialized>
         <run_address>0x20000618</run_address>
         <size>0x120</size>
         <input_file_ref idref="fl-f3"/>
      </object_component>
      <object_component id="oc-df">
         <name>.common:first_left</name>
         <uninitialized>true</uninitialized>
         <run_address>0x200007ec</run_address>
         <size>0x2</size>
      </object_component>
      <object_component id="oc-dc">
         <name>.common:first_right</name>
         <uninitialized>true</uninitialized>
         <run_address>0x200007ee</run_address>
         <size>0x2</size>
      </object_component>
      <object_component id="oc-de">
         <name>.common:period_left</name>
         <uninitialized>true</uninitialized>
         <run_address>0x200007f8</run_address>
         <size>0x2</size>
      </object_component>
      <object_component id="oc-db">
         <name>.common:period_right</name>
         <uninitialized>true</uninitialized>
         <run_address>0x200007fa</run_address>
         <size>0x2</size>
      </object_component>
      <object_component id="oc-d1">
         <name>.common:left_count</name>
         <uninitialized>true</uninitialized>
         <run_address>0x200007e4</run_address>
         <size>0x4</size>
      </object_component>
      <object_component id="oc-dd">
         <name>.common:right_count</name>
         <uninitialized>true</uninitialized>
         <run_address>0x200007e8</run_address>
         <size>0x4</size>
      </object_component>
      <object_component id="oc-d6">
         <name>.common:left_sensor4</name>
         <uninitialized>true</uninitialized>
         <run_address>0x200007f6</run_address>
         <size>0x2</size>
      </object_component>
      <object_component id="oc-d4">
         <name>.common:left_sensor3</name>
         <uninitialized>true</uninitialized>
         <run_address>0x200007f4</run_address>
         <size>0x2</size>
      </object_component>
      <object_component id="oc-d8">
         <name>.common:left_sensor2</name>
         <uninitialized>true</uninitialized>
         <run_address>0x200007f2</run_address>
         <size>0x2</size>
      </object_component>
      <object_component id="oc-e0">
         <name>.common:left_sensor1</name>
         <uninitialized>true</uninitialized>
         <run_address>0x200007f0</run_address>
         <size>0x2</size>
      </object_component>
      <object_component id="oc-e1">
         <name>.common:right_sensor1</name>
         <uninitialized>true</uninitialized>
         <run_address>0x200007fc</run_address>
         <size>0x2</size>
      </object_component>
      <object_component id="oc-d9">
         <name>.common:right_sensor2</name>
         <uninitialized>true</uninitialized>
         <run_address>0x200007fe</run_address>
         <size>0x2</size>
      </object_component>
      <object_component id="oc-d5">
         <name>.common:right_sensor3</name>
         <uninitialized>true</uninitialized>
         <run_address>0x20000800</run_address>
         <size>0x2</size>
      </object_component>
      <object_component id="oc-d7">
         <name>.common:right_sensor4</name>
         <uninitialized>true</uninitialized>
         <run_address>0x20000802</run_address>
         <size>0x2</size>
      </object_component>
      <object_component id="oc-da">
         <name>.common:TimerA2Task</name>
         <uninitialized>true</uninitialized>
         <run_address>0x200007e0</run_address>
         <size>0x4</size>
      </object_component>
      <object_component id="oc-3dd">
         <name>.common:__TI_tmpnams</name>
         <uninitialized>true</uninitialized>
         <run_address>0x20000738</run_address>
         <size>0xa0</size>
      </object_component>
      <object_component id="oc-3ee">
         <name>.common:parmbuf</name>
         <uninitialized>true</uninitialized>
         <run_address>0x200007d8</run_address>
         <size>0x8</size>
      </object_component>
      <object_component id="oc-29">
         <name>.sysmem</name>
         <uninitialized>true</uninitialized>
         <run_address>0x20000000</run_address>
         <size>0x10</size>
         <input_file_ref idref="fl-d9"/>
      </object_component>
      <object_component id="oc-48c">
         <name>.sysmem</name>
         <uninitialized>true</uninitialized>
         <run_address>0x20000000</run_address>
         <size>0x0</size>
      </object_component>
      <object_component id="oc-2c">
         <name>.stack</name>
         <uninitialized>true</uninitialized>
         <run_address>0x2000fe00</run_address>
         <size>0x4</size>
         <input_file_ref idref="fl-df"/>
      </object_component>
      <object_component id="oc-48b">
         <name>.stack</name>
         <uninitialized>true</uninitialized>
         <run_address>0x2000fe00</run_address>
         <size>0x0</size>
      </object_component>
      <object_component id="oc-186">
         <name>.debug_info</name>
         <load_address>0x0</load_address>
         <run_address>0x0</run_address>
         <size>0x534</size>
         <input_file_ref idref="fl-2"/>
      </object_component>
      <object_component id="oc-172">
         <name>.debug_info</name>
         <load_address>0x534</load_address>
         <run_address>0x534</run_address>
         <size>0x190</size>
         <input_file_ref idref="fl-2"/>
      </object_component>
      <object_component id="oc-cf">
         <name>.debug_info</name>
         <load_address>0x6c4</load_address>
         <run_address>0x6c4</run_address>
         <size>0x2b4</size>
         <input_file_ref idref="fl-2"/>
      </object_component>
      <object_component id="oc-21a">
         <name>.debug_info</name>
         <load_address>0x978</load_address>
         <run_address>0x978</run_address>
         <size>0x37e2</size>
         <input_file_ref idref="fl-2"/>
      </object_component>
      <object_component id="oc-ea">
         <name>.debug_info</name>
         <load_address>0x415a</load_address>
         <run_address>0x415a</run_address>
         <size>0x26b</size>
         <input_file_ref idref="fl-2"/>
      </object_component>
      <object_component id="oc-17c">
         <name>.debug_info</name>
         <load_address>0x43c5</load_address>
         <run_address>0x43c5</run_address>
         <size>0x1055</size>
         <input_file_ref idref="fl-2"/>
      </object_component>
      <object_component id="oc-35">
         <name>.debug_info</name>
         <load_address>0x541a</load_address>
         <run_address>0x541a</run_address>
         <size>0x84</size>
         <input_file_ref idref="fl-2"/>
      </object_component>
      <object_component id="oc-181">
         <name>.debug_info</name>
         <load_address>0x549e</load_address>
         <run_address>0x549e</run_address>
         <size>0x2a4</size>
         <input_file_ref idref="fl-2"/>
      </object_component>
      <object_component id="oc-e3">
         <name>.debug_info</name>
         <load_address>0x5742</load_address>
         <run_address>0x5742</run_address>
         <size>0xbb</size>
         <input_file_ref idref="fl-2"/>
      </object_component>
      <object_component id="oc-d2">
         <name>.debug_info</name>
         <load_address>0x57fd</load_address>
         <run_address>0x57fd</run_address>
         <size>0x855</size>
         <input_file_ref idref="fl-3"/>
      </object_component>
      <object_component id="oc-c9">
         <name>.debug_info</name>
         <load_address>0x6052</load_address>
         <run_address>0x6052</run_address>
         <size>0x17a</size>
         <input_file_ref idref="fl-3"/>
      </object_component>
      <object_component id="oc-74">
         <name>.debug_info</name>
         <load_address>0x61cc</load_address>
         <run_address>0x61cc</run_address>
         <size>0x2311</size>
         <input_file_ref idref="fl-3"/>
      </object_component>
      <object_component id="oc-177">
         <name>.debug_info</name>
         <load_address>0x84dd</load_address>
         <run_address>0x84dd</run_address>
         <size>0x37e2</size>
         <input_file_ref idref="fl-3"/>
      </object_component>
      <object_component id="oc-167">
         <name>.debug_info</name>
         <load_address>0xbcbf</load_address>
         <run_address>0xbcbf</run_address>
         <size>0x2c</size>
         <input_file_ref idref="fl-3"/>
      </object_component>
      <object_component id="oc-78">
         <name>.debug_info</name>
         <load_address>0xbceb</load_address>
         <run_address>0xbceb</run_address>
         <size>0x2d3</size>
         <input_file_ref idref="fl-4"/>
      </object_component>
      <object_component id="oc-27">
         <name>.debug_info</name>
         <load_address>0xbfbe</load_address>
         <run_address>0xbfbe</run_address>
         <size>0xff</size>
         <input_file_ref idref="fl-4"/>
      </object_component>
      <object_component id="oc-6b">
         <name>.debug_info</name>
         <load_address>0xc0bd</load_address>
         <run_address>0xc0bd</run_address>
         <size>0x1c6</size>
         <input_file_ref idref="fl-4"/>
      </object_component>
      <object_component id="oc-14a">
         <name>.debug_info</name>
         <load_address>0xc283</load_address>
         <run_address>0xc283</run_address>
         <size>0xf8</size>
         <input_file_ref idref="fl-5"/>
      </object_component>
      <object_component id="oc-ad">
         <name>.debug_info</name>
         <load_address>0xc37b</load_address>
         <run_address>0xc37b</run_address>
         <size>0x26a</size>
         <input_file_ref idref="fl-5"/>
      </object_component>
      <object_component id="oc-166">
         <name>.debug_info</name>
         <load_address>0xc5e5</load_address>
         <run_address>0xc5e5</run_address>
         <size>0x3e5</size>
         <input_file_ref idref="fl-bf"/>
      </object_component>
      <object_component id="oc-162">
         <name>.debug_info</name>
         <load_address>0xc9ca</load_address>
         <run_address>0xc9ca</run_address>
         <size>0x157</size>
         <input_file_ref idref="fl-bf"/>
      </object_component>
      <object_component id="oc-15b">
         <name>.debug_info</name>
         <load_address>0xcb21</load_address>
         <run_address>0xcb21</run_address>
         <size>0x166</size>
         <input_file_ref idref="fl-bf"/>
      </object_component>
      <object_component id="oc-b5">
         <name>.debug_info</name>
         <load_address>0xcc87</load_address>
         <run_address>0xcc87</run_address>
         <size>0x1ac</size>
         <input_file_ref idref="fl-bf"/>
      </object_component>
      <object_component id="oc-211">
         <name>.debug_info</name>
         <load_address>0xce33</load_address>
         <run_address>0xce33</run_address>
         <size>0xb2</size>
         <input_file_ref idref="fl-bf"/>
      </object_component>
      <object_component id="oc-1e8">
         <name>.debug_info</name>
         <load_address>0xcee5</load_address>
         <run_address>0xcee5</run_address>
         <size>0x590</size>
         <input_file_ref idref="fl-c0"/>
      </object_component>
      <object_component id="oc-1b3">
         <name>.debug_info</name>
         <load_address>0xd475</load_address>
         <run_address>0xd475</run_address>
         <size>0x21e</size>
         <input_file_ref idref="fl-c0"/>
      </object_component>
      <object_component id="oc-25a">
         <name>.debug_info</name>
         <load_address>0xd693</load_address>
         <run_address>0xd693</run_address>
         <size>0x1b3</size>
         <input_file_ref idref="fl-c0"/>
      </object_component>
      <object_component id="oc-260">
         <name>.debug_info</name>
         <load_address>0xd846</load_address>
         <run_address>0xd846</run_address>
         <size>0x21b</size>
         <input_file_ref idref="fl-c0"/>
      </object_component>
      <object_component id="oc-1be">
         <name>.debug_info</name>
         <load_address>0xda61</load_address>
         <run_address>0xda61</run_address>
         <size>0x3c0</size>
         <input_file_ref idref="fl-c0"/>
      </object_component>
      <object_component id="oc-267">
         <name>.debug_info</name>
         <load_address>0xde21</load_address>
         <run_address>0xde21</run_address>
         <size>0x30a</size>
         <input_file_ref idref="fl-c0"/>
      </object_component>
      <object_component id="oc-26d">
         <name>.debug_info</name>
         <load_address>0xe12b</load_address>
         <run_address>0xe12b</run_address>
         <size>0x215</size>
         <input_file_ref idref="fl-c0"/>
      </object_component>
      <object_component id="oc-1c4">
         <name>.debug_info</name>
         <load_address>0xe340</load_address>
         <run_address>0xe340</run_address>
         <size>0x215</size>
         <input_file_ref idref="fl-c0"/>
      </object_component>
      <object_component id="oc-1ca">
         <name>.debug_info</name>
         <load_address>0xe555</load_address>
         <run_address>0xe555</run_address>
         <size>0x304</size>
         <input_file_ref idref="fl-c0"/>
      </object_component>
      <object_component id="oc-1d0">
         <name>.debug_info</name>
         <load_address>0xe859</load_address>
         <run_address>0xe859</run_address>
         <size>0x4b5</size>
         <input_file_ref idref="fl-c0"/>
      </object_component>
      <object_component id="oc-14e">
         <name>.debug_info</name>
         <load_address>0xed0e</load_address>
         <run_address>0xed0e</run_address>
         <size>0x5f4</size>
         <input_file_ref idref="fl-c0"/>
      </object_component>
      <object_component id="oc-1e9">
         <name>.debug_info</name>
         <load_address>0xf302</load_address>
         <run_address>0xf302</run_address>
         <size>0x86</size>
         <input_file_ref idref="fl-c0"/>
      </object_component>
      <object_component id="oc-29c">
         <name>.debug_info</name>
         <load_address>0xf388</load_address>
         <run_address>0xf388</run_address>
         <size>0x39</size>
         <input_file_ref idref="fl-c0"/>
      </object_component>
      <object_component id="oc-307">
         <name>.debug_info</name>
         <load_address>0xf3c1</load_address>
         <run_address>0xf3c1</run_address>
         <size>0xb6</size>
         <input_file_ref idref="fl-c0"/>
      </object_component>
      <object_component id="oc-2a1">
         <name>.debug_info</name>
         <load_address>0xf477</load_address>
         <run_address>0xf477</run_address>
         <size>0x46</size>
         <input_file_ref idref="fl-c0"/>
      </object_component>
      <object_component id="oc-1ee">
         <name>.debug_info</name>
         <load_address>0xf4bd</load_address>
         <run_address>0xf4bd</run_address>
         <size>0x46</size>
         <input_file_ref idref="fl-c0"/>
      </object_component>
      <object_component id="oc-297">
         <name>.debug_info</name>
         <load_address>0xf503</load_address>
         <run_address>0xf503</run_address>
         <size>0x2c</size>
         <input_file_ref idref="fl-c0"/>
      </object_component>
      <object_component id="oc-2c6">
         <name>.debug_info</name>
         <load_address>0xf52f</load_address>
         <run_address>0xf52f</run_address>
         <size>0x383</size>
         <input_file_ref idref="fl-c1"/>
      </object_component>
      <object_component id="oc-20b">
         <name>.debug_info</name>
         <load_address>0xf8b2</load_address>
         <run_address>0xf8b2</run_address>
         <size>0x1ea</size>
         <input_file_ref idref="fl-c1"/>
      </object_component>
      <object_component id="oc-2c4">
         <name>.debug_info</name>
         <load_address>0xfa9c</load_address>
         <run_address>0xfa9c</run_address>
         <size>0x3fc</size>
         <input_file_ref idref="fl-c2"/>
      </object_component>
      <object_component id="oc-203">
         <name>.debug_info</name>
         <load_address>0xfe98</load_address>
         <run_address>0xfe98</run_address>
         <size>0x2e2</size>
         <input_file_ref idref="fl-c2"/>
      </object_component>
      <object_component id="oc-102">
         <name>.debug_info</name>
         <load_address>0x1017a</load_address>
         <run_address>0x1017a</run_address>
         <size>0x2c</size>
         <input_file_ref idref="fl-c2"/>
      </object_component>
      <object_component id="oc-319">
         <name>.debug_info</name>
         <load_address>0x101a6</load_address>
         <run_address>0x101a6</run_address>
         <size>0x300</size>
         <input_file_ref idref="fl-c3"/>
      </object_component>
      <object_component id="oc-2ac">
         <name>.debug_info</name>
         <load_address>0x104a6</load_address>
         <run_address>0x104a6</run_address>
         <size>0x19c</size>
         <input_file_ref idref="fl-c3"/>
      </object_component>
      <object_component id="oc-354">
         <name>.debug_info</name>
         <load_address>0x10642</load_address>
         <run_address>0x10642</run_address>
         <size>0xbf</size>
         <input_file_ref idref="fl-c3"/>
      </object_component>
      <object_component id="oc-353">
         <name>.debug_info</name>
         <load_address>0x10701</load_address>
         <run_address>0x10701</run_address>
         <size>0x374</size>
         <input_file_ref idref="fl-c4"/>
      </object_component>
      <object_component id="oc-314">
         <name>.debug_info</name>
         <load_address>0x10a75</load_address>
         <run_address>0x10a75</run_address>
         <size>0x20b</size>
         <input_file_ref idref="fl-c4"/>
      </object_component>
      <object_component id="oc-256">
         <name>.debug_info</name>
         <load_address>0x10c80</load_address>
         <run_address>0x10c80</run_address>
         <size>0x14c</size>
         <input_file_ref idref="fl-c5"/>
      </object_component>
      <object_component id="oc-1b9">
         <name>.debug_info</name>
         <load_address>0x10dcc</load_address>
         <run_address>0x10dcc</run_address>
         <size>0x128</size>
         <input_file_ref idref="fl-c6"/>
      </object_component>
      <object_component id="oc-24a">
         <name>.debug_info</name>
         <load_address>0x10ef4</load_address>
         <run_address>0x10ef4</run_address>
         <size>0x12a</size>
         <input_file_ref idref="fl-c6"/>
      </object_component>
      <object_component id="oc-247">
         <name>.debug_info</name>
         <load_address>0x1101e</load_address>
         <run_address>0x1101e</run_address>
         <size>0x13a</size>
         <input_file_ref idref="fl-c7"/>
      </object_component>
      <object_component id="oc-c1">
         <name>.debug_info</name>
         <load_address>0x11158</load_address>
         <run_address>0x11158</run_address>
         <size>0x13a</size>
         <input_file_ref idref="fl-c8"/>
      </object_component>
      <object_component id="oc-c5">
         <name>.debug_info</name>
         <load_address>0x11292</load_address>
         <run_address>0x11292</run_address>
         <size>0x12e</size>
         <input_file_ref idref="fl-c9"/>
      </object_component>
      <object_component id="oc-bc">
         <name>.debug_info</name>
         <load_address>0x113c0</load_address>
         <run_address>0x113c0</run_address>
         <size>0x12c</size>
         <input_file_ref idref="fl-ca"/>
      </object_component>
      <object_component id="oc-3b">
         <name>.debug_info</name>
         <load_address>0x114ec</load_address>
         <run_address>0x114ec</run_address>
         <size>0x119</size>
         <input_file_ref idref="fl-cb"/>
      </object_component>
      <object_component id="oc-95">
         <name>.debug_info</name>
         <load_address>0x11605</load_address>
         <run_address>0x11605</run_address>
         <size>0x147</size>
         <input_file_ref idref="fl-cc"/>
      </object_component>
      <object_component id="oc-23e">
         <name>.debug_info</name>
         <load_address>0x1174c</load_address>
         <run_address>0x1174c</run_address>
         <size>0x134</size>
         <input_file_ref idref="fl-cd"/>
      </object_component>
      <object_component id="oc-93">
         <name>.debug_info</name>
         <load_address>0x11880</load_address>
         <run_address>0x11880</run_address>
         <size>0x2d4</size>
         <input_file_ref idref="fl-ce"/>
      </object_component>
      <object_component id="oc-47">
         <name>.debug_info</name>
         <load_address>0x11b54</load_address>
         <run_address>0x11b54</run_address>
         <size>0x1d2</size>
         <input_file_ref idref="fl-ce"/>
      </object_component>
      <object_component id="oc-8e">
         <name>.debug_info</name>
         <load_address>0x11d26</load_address>
         <run_address>0x11d26</run_address>
         <size>0x46</size>
         <input_file_ref idref="fl-ce"/>
      </object_component>
      <object_component id="oc-45">
         <name>.debug_info</name>
         <load_address>0x11d6c</load_address>
         <run_address>0x11d6c</run_address>
         <size>0x2a8</size>
         <input_file_ref idref="fl-cf"/>
      </object_component>
      <object_component id="oc-1f">
         <name>.debug_info</name>
         <load_address>0x12014</load_address>
         <run_address>0x12014</run_address>
         <size>0x1ea</size>
         <input_file_ref idref="fl-cf"/>
      </object_component>
      <object_component id="oc-40">
         <name>.debug_info</name>
         <load_address>0x121fe</load_address>
         <run_address>0x121fe</run_address>
         <size>0x46</size>
         <input_file_ref idref="fl-cf"/>
      </object_component>
      <object_component id="oc-86">
         <name>.debug_info</name>
         <load_address>0x12244</load_address>
         <run_address>0x12244</run_address>
         <size>0x2c</size>
         <input_file_ref idref="fl-cf"/>
      </object_component>
      <object_component id="oc-84">
         <name>.debug_info</name>
         <load_address>0x12270</load_address>
         <run_address>0x12270</run_address>
         <size>0x29e</size>
         <input_file_ref idref="fl-d0"/>
      </object_component>
      <object_component id="oc-1b">
         <name>.debug_info</name>
         <load_address>0x1250e</load_address>
         <run_address>0x1250e</run_address>
         <size>0x250</size>
         <input_file_ref idref="fl-d0"/>
      </object_component>
      <object_component id="oc-30">
         <name>.debug_info</name>
         <load_address>0x1275e</load_address>
         <run_address>0x1275e</run_address>
         <size>0x60</size>
         <input_file_ref idref="fl-d0"/>
      </object_component>
      <object_component id="oc-fb">
         <name>.debug_info</name>
         <load_address>0x127be</load_address>
         <run_address>0x127be</run_address>
         <size>0x46</size>
         <input_file_ref idref="fl-d0"/>
      </object_component>
      <object_component id="oc-7f">
         <name>.debug_info</name>
         <load_address>0x12804</load_address>
         <run_address>0x12804</run_address>
         <size>0x39</size>
         <input_file_ref idref="fl-d0"/>
      </object_component>
      <object_component id="oc-18c">
         <name>.debug_info</name>
         <load_address>0x1283d</load_address>
         <run_address>0x1283d</run_address>
         <size>0x3ad</size>
         <input_file_ref idref="fl-d1"/>
      </object_component>
      <object_component id="oc-189">
         <name>.debug_info</name>
         <load_address>0x12bea</load_address>
         <run_address>0x12bea</run_address>
         <size>0x190</size>
         <input_file_ref idref="fl-d1"/>
      </object_component>
      <object_component id="oc-10f">
         <name>.debug_info</name>
         <load_address>0x12d7a</load_address>
         <run_address>0x12d7a</run_address>
         <size>0x122</size>
         <input_file_ref idref="fl-d1"/>
      </object_component>
      <object_component id="oc-115">
         <name>.debug_info</name>
         <load_address>0x12e9c</load_address>
         <run_address>0x12e9c</run_address>
         <size>0x184</size>
         <input_file_ref idref="fl-d1"/>
      </object_component>
      <object_component id="oc-1fb">
         <name>.debug_info</name>
         <load_address>0x13020</load_address>
         <run_address>0x13020</run_address>
         <size>0x2c9</size>
         <input_file_ref idref="fl-d2"/>
      </object_component>
      <object_component id="oc-154">
         <name>.debug_info</name>
         <load_address>0x132e9</load_address>
         <run_address>0x132e9</run_address>
         <size>0x11e</size>
         <input_file_ref idref="fl-d2"/>
      </object_component>
      <object_component id="oc-1f4">
         <name>.debug_info</name>
         <load_address>0x13407</load_address>
         <run_address>0x13407</run_address>
         <size>0x12e</size>
         <input_file_ref idref="fl-d2"/>
      </object_component>
      <object_component id="oc-2e3">
         <name>.debug_info</name>
         <load_address>0x13535</load_address>
         <run_address>0x13535</run_address>
         <size>0x29c</size>
         <input_file_ref idref="fl-d3"/>
      </object_component>
      <object_component id="oc-252">
         <name>.debug_info</name>
         <load_address>0x137d1</load_address>
         <run_address>0x137d1</run_address>
         <size>0x1da</size>
         <input_file_ref idref="fl-d3"/>
      </object_component>
      <object_component id="oc-23c">
         <name>.debug_info</name>
         <load_address>0x139ab</load_address>
         <run_address>0x139ab</run_address>
         <size>0x2b9</size>
         <input_file_ref idref="fl-d4"/>
      </object_component>
      <object_component id="oc-1ae">
         <name>.debug_info</name>
         <load_address>0x13c64</load_address>
         <run_address>0x13c64</run_address>
         <size>0x17c</size>
         <input_file_ref idref="fl-d4"/>
      </object_component>
      <object_component id="oc-2d7">
         <name>.debug_info</name>
         <load_address>0x13de0</load_address>
         <run_address>0x13de0</run_address>
         <size>0xf9</size>
         <input_file_ref idref="fl-d5"/>
      </object_component>
      <object_component id="oc-239">
         <name>.debug_info</name>
         <load_address>0x13ed9</load_address>
         <run_address>0x13ed9</run_address>
         <size>0x105</size>
         <input_file_ref idref="fl-d5"/>
      </object_component>
      <object_component id="oc-1ff">
         <name>.debug_info</name>
         <load_address>0x13fde</load_address>
         <run_address>0x13fde</run_address>
         <size>0x144</size>
         <input_file_ref idref="fl-d6"/>
      </object_component>
      <object_component id="oc-157">
         <name>.debug_info</name>
         <load_address>0x14122</load_address>
         <run_address>0x14122</run_address>
         <size>0x102</size>
         <input_file_ref idref="fl-d6"/>
      </object_component>
      <object_component id="oc-390">
         <name>.debug_info</name>
         <load_address>0x14224</load_address>
         <run_address>0x14224</run_address>
         <size>0x18f</size>
         <input_file_ref idref="fl-d6"/>
      </object_component>
      <object_component id="oc-288">
         <name>.debug_info</name>
         <load_address>0x143b3</load_address>
         <run_address>0x143b3</run_address>
         <size>0x2a7</size>
         <input_file_ref idref="fl-d7"/>
      </object_component>
      <object_component id="oc-1d7">
         <name>.debug_info</name>
         <load_address>0x1465a</load_address>
         <run_address>0x1465a</run_address>
         <size>0x1b8</size>
         <input_file_ref idref="fl-d7"/>
      </object_component>
      <object_component id="oc-31b">
         <name>.debug_info</name>
         <load_address>0x14812</load_address>
         <run_address>0x14812</run_address>
         <size>0x2a5</size>
         <input_file_ref idref="fl-d8"/>
      </object_component>
      <object_component id="oc-2b2">
         <name>.debug_info</name>
         <load_address>0x14ab7</load_address>
         <run_address>0x14ab7</run_address>
         <size>0x25d</size>
         <input_file_ref idref="fl-d8"/>
      </object_component>
      <object_component id="oc-7b">
         <name>.debug_info</name>
         <load_address>0x14d14</load_address>
         <run_address>0x14d14</run_address>
         <size>0x3b2</size>
         <input_file_ref idref="fl-d9"/>
      </object_component>
      <object_component id="oc-2a">
         <name>.debug_info</name>
         <load_address>0x150c6</load_address>
         <run_address>0x150c6</run_address>
         <size>0x10c</size>
         <input_file_ref idref="fl-d9"/>
      </object_component>
      <object_component id="oc-3c6">
         <name>.debug_info</name>
         <load_address>0x151d2</load_address>
         <run_address>0x151d2</run_address>
         <size>0x13f</size>
         <input_file_ref idref="fl-d9"/>
      </object_component>
      <object_component id="oc-347">
         <name>.debug_info</name>
         <load_address>0x15311</load_address>
         <run_address>0x15311</run_address>
         <size>0x168</size>
         <input_file_ref idref="fl-d9"/>
      </object_component>
      <object_component id="oc-376">
         <name>.debug_info</name>
         <load_address>0x15479</load_address>
         <run_address>0x15479</run_address>
         <size>0x18e</size>
         <input_file_ref idref="fl-d9"/>
      </object_component>
      <object_component id="oc-37c">
         <name>.debug_info</name>
         <load_address>0x15607</load_address>
         <run_address>0x15607</run_address>
         <size>0x19f</size>
         <input_file_ref idref="fl-d9"/>
      </object_component>
      <object_component id="oc-341">
         <name>.debug_info</name>
         <load_address>0x157a6</load_address>
         <run_address>0x157a6</run_address>
         <size>0x203</size>
         <input_file_ref idref="fl-d9"/>
      </object_component>
      <object_component id="oc-3cb">
         <name>.debug_info</name>
         <load_address>0x159a9</load_address>
         <run_address>0x159a9</run_address>
         <size>0x1db</size>
         <input_file_ref idref="fl-d9"/>
      </object_component>
      <object_component id="oc-383">
         <name>.debug_info</name>
         <load_address>0x15b84</load_address>
         <run_address>0x15b84</run_address>
         <size>0x299</size>
         <input_file_ref idref="fl-d9"/>
      </object_component>
      <object_component id="oc-f6">
         <name>.debug_info</name>
         <load_address>0x15e1d</load_address>
         <run_address>0x15e1d</run_address>
         <size>0xb2</size>
         <input_file_ref idref="fl-d9"/>
      </object_component>
      <object_component id="oc-f1">
         <name>.debug_info</name>
         <load_address>0x15ecf</load_address>
         <run_address>0x15ecf</run_address>
         <size>0x2c</size>
         <input_file_ref idref="fl-d9"/>
      </object_component>
      <object_component id="oc-2f9">
         <name>.debug_info</name>
         <load_address>0x15efb</load_address>
         <run_address>0x15efb</run_address>
         <size>0x29a</size>
         <input_file_ref idref="fl-da"/>
      </object_component>
      <object_component id="oc-281">
         <name>.debug_info</name>
         <load_address>0x16195</load_address>
         <run_address>0x16195</run_address>
         <size>0x262</size>
         <input_file_ref idref="fl-da"/>
      </object_component>
      <object_component id="oc-237">
         <name>.debug_info</name>
         <load_address>0x163f7</load_address>
         <run_address>0x163f7</run_address>
         <size>0x28f</size>
         <input_file_ref idref="fl-db"/>
      </object_component>
      <object_component id="oc-1a9">
         <name>.debug_info</name>
         <load_address>0x16686</load_address>
         <run_address>0x16686</run_address>
         <size>0x245</size>
         <input_file_ref idref="fl-db"/>
      </object_component>
      <object_component id="oc-322">
         <name>.debug_info</name>
         <load_address>0x168cb</load_address>
         <run_address>0x168cb</run_address>
         <size>0x397</size>
         <input_file_ref idref="fl-dc"/>
      </object_component>
      <object_component id="oc-2be">
         <name>.debug_info</name>
         <load_address>0x16c62</load_address>
         <run_address>0x16c62</run_address>
         <size>0x18f</size>
         <input_file_ref idref="fl-dc"/>
      </object_component>
      <object_component id="oc-367">
         <name>.debug_info</name>
         <load_address>0x16df1</load_address>
         <run_address>0x16df1</run_address>
         <size>0x120</size>
         <input_file_ref idref="fl-dc"/>
      </object_component>
      <object_component id="oc-36c">
         <name>.debug_info</name>
         <load_address>0x16f11</load_address>
         <run_address>0x16f11</run_address>
         <size>0x2c</size>
         <input_file_ref idref="fl-dc"/>
      </object_component>
      <object_component id="oc-364">
         <name>.debug_info</name>
         <load_address>0x16f3d</load_address>
         <run_address>0x16f3d</run_address>
         <size>0x337</size>
         <input_file_ref idref="fl-dd"/>
      </object_component>
      <object_component id="oc-360">
         <name>.debug_info</name>
         <load_address>0x17274</load_address>
         <run_address>0x17274</run_address>
         <size>0x109</size>
         <input_file_ref idref="fl-dd"/>
      </object_component>
      <object_component id="oc-31f">
         <name>.debug_info</name>
         <load_address>0x1737d</load_address>
         <run_address>0x1737d</run_address>
         <size>0x109</size>
         <input_file_ref idref="fl-dd"/>
      </object_component>
      <object_component id="oc-294">
         <name>.debug_info</name>
         <load_address>0x17486</load_address>
         <run_address>0x17486</run_address>
         <size>0x289</size>
         <input_file_ref idref="fl-de"/>
      </object_component>
      <object_component id="oc-291">
         <name>.debug_info</name>
         <load_address>0x1770f</load_address>
         <run_address>0x1770f</run_address>
         <size>0x10e</size>
         <input_file_ref idref="fl-de"/>
      </object_component>
      <object_component id="oc-1e4">
         <name>.debug_info</name>
         <load_address>0x1781d</load_address>
         <run_address>0x1781d</run_address>
         <size>0x14e</size>
         <input_file_ref idref="fl-de"/>
      </object_component>
      <object_component id="oc-2d">
         <name>.debug_info</name>
         <load_address>0x1796b</load_address>
         <run_address>0x1796b</run_address>
         <size>0x10b</size>
         <input_file_ref idref="fl-df"/>
      </object_component>
      <object_component id="oc-5c">
         <name>.debug_info</name>
         <load_address>0x17a76</load_address>
         <run_address>0x17a76</run_address>
         <size>0x1a9</size>
         <input_file_ref idref="fl-df"/>
      </object_component>
      <object_component id="oc-2ea">
         <name>.debug_info</name>
         <load_address>0x17c1f</load_address>
         <run_address>0x17c1f</run_address>
         <size>0x295</size>
         <input_file_ref idref="fl-e0"/>
      </object_component>
      <object_component id="oc-277">
         <name>.debug_info</name>
         <load_address>0x17eb4</load_address>
         <run_address>0x17eb4</run_address>
         <size>0x195</size>
         <input_file_ref idref="fl-e0"/>
      </object_component>
      <object_component id="oc-32e">
         <name>.debug_info</name>
         <load_address>0x18049</load_address>
         <run_address>0x18049</run_address>
         <size>0x39</size>
         <input_file_ref idref="fl-e0"/>
      </object_component>
      <object_component id="oc-2eb">
         <name>.debug_info</name>
         <load_address>0x18082</load_address>
         <run_address>0x18082</run_address>
         <size>0x2c</size>
         <input_file_ref idref="fl-e0"/>
      </object_component>
      <object_component id="oc-2f7">
         <name>.debug_info</name>
         <load_address>0x180ae</load_address>
         <run_address>0x180ae</run_address>
         <size>0x2f8</size>
         <input_file_ref idref="fl-e1"/>
      </object_component>
      <object_component id="oc-27b">
         <name>.debug_info</name>
         <load_address>0x183a6</load_address>
         <run_address>0x183a6</run_address>
         <size>0x225</size>
         <input_file_ref idref="fl-e1"/>
      </object_component>
      <object_component id="oc-2f1">
         <name>.debug_info</name>
         <load_address>0x185cb</load_address>
         <run_address>0x185cb</run_address>
         <size>0x161</size>
         <input_file_ref idref="fl-e2"/>
      </object_component>
      <object_component id="oc-28f">
         <name>.debug_info</name>
         <load_address>0x1872c</load_address>
         <run_address>0x1872c</run_address>
         <size>0x28f</size>
         <input_file_ref idref="fl-e3"/>
      </object_component>
      <object_component id="oc-1dd">
         <name>.debug_info</name>
         <load_address>0x189bb</load_address>
         <run_address>0x189bb</run_address>
         <size>0x15a</size>
         <input_file_ref idref="fl-e3"/>
      </object_component>
      <object_component id="oc-2fc">
[...]
      </symbol>
      <symbol id="sm-46b">
         <name>__aeabi_dmul</name>
         <value>0x2ef9</value>
         <object_component_ref idref="oc-be"/>
      </symbol>
      <symbol id="sm-475">
         <name>__aeabi_d2iz</name>
         <value>0x3d19</value>
         <object_component_ref idref="oc-c3"/>
      </symbol>
      <symbol id="sm-47f">
         <name>__aeabi_i2d</name>
         <value>0x3fed</value>
         <object_component_ref idref="oc-b9"/>
      </symbol>
      <symbol id="sm-49a">
         <name>memcpy</name>
         <value>0x3267</value>
         <object_component_ref idref="oc-3a"/>
      </symbol>
      <symbol id="sm-49b">
         <name>__aeabi_memcpy</name>
         <value>0x3267</value>
         <object_component_ref idref="oc-3a"/>
      </symbol>
      <symbol id="sm-49c">
         <name>__aeabi_memcpy8</name>
         <value>0x3267</value>
         <object_component_ref idref="oc-3a"/>
      </symbol>
      <symbol id="sm-49d">
         <name>__aeabi_memcpy4</name>
         <value>0x3267</value>
         <object_component_ref idref="oc-3a"/>
      </symbol>
      <symbol id="sm-4ac">
         <name>__aeabi_memset</name>
         <value>0x3533</value>
         <object_component_ref idref="oc-94"/>
      </symbol>
      <symbol id="sm-4ad">
         <name>memset</name>
         <value>0x3539</value>
         <object_component_ref idref="oc-94"/>
      </symbol>
      <symbol id="sm-4ae">
         <name>__aeabi_memset8</name>
         <value>0x3533</value>
         <object_component_ref idref="oc-94"/>
      </symbol>
      <symbol id="sm-4af">
         <name>__aeabi_memset4</name>
         <value>0x3533</value>
         <object_component_ref idref="oc-94"/>
      </symbol>
      <symbol id="sm-4b0">
         <name>__aeabi_memclr8</name>
         <value>0x3531</value>
         <object_component_ref idref="oc-94"/>
      </symbol>
      <symbol id="sm-4b1">
         <name>__aeabi_memclr4</name>
         <value>0x3531</value>
         <object_component_ref idref="oc-94"/>
      </symbol>
      <symbol id="sm-4b2">
         <name>__aeabi_memclr</name>
         <value>0x3531</value>
         <object_component_ref idref="oc-94"/>
      </symbol>
      <symbol id="sm-4bf">
         <name>__aeabi_uldivmod</name>
         <value>0x3303</value>
         <object_component_ref idref="oc-23d"/>
      </symbol>
      <symbol id="sm-4d3">
         <name>__TI_zero_init_nomemset</name>
         <value>0x40e1</value>
         <object_component_ref idref="oc-46"/>
      </symbol>
      <symbol id="sm-4ea">
         <name>__TI_decompress_none</name>
         <value>0x41b7</value>
         <object_component_ref idref="oc-1d"/>
      </symbol>
      <symbol id="sm-50d">
         <name>__TI_decompress_lzss</name>
         <value>0x37d5</value>
         <object_component_ref idref="oc-17"/>
      </symbol>
      <symbol id="sm-533">
         <name>C$$EXIT</name>
         <value>0x41f1</value>
         <object_component_ref idref="oc-10b"/>
      </symbol>
      <symbol id="sm-534">
         <name>abort</name>
         <value>0x41f1</value>
         <object_component_ref idref="oc-10b"/>
      </symbol>
      <symbol id="sm-535">
         <name>__TI_dtors_ptr</name>
         <value>0x200005f8</value>
         <object_component_ref idref="oc-188"/>
      </symbol>
      <symbol id="sm-536">
         <name>__TI_cleanup_ptr</name>
         <value>0x200005f4</value>
         <object_component_ref idref="oc-188"/>
      </symbol>
      <symbol id="sm-537">
         <name>__TI_enable_exit_profile_output</name>
         <value>0x200005fc</value>
         <object_component_ref idref="oc-188"/>
      </symbol>
      <symbol id="sm-538">
         <name>exit</name>
         <value>0x3cd1</value>
         <object_component_ref idref="oc-111"/>
      </symbol>
      <symbol id="sm-54d">
         <name>_nop</name>
         <value>0x1d2f</value>
         <object_component_ref idref="oc-1f3"/>
      </symbol>
      <symbol id="sm-54e">
         <name>_lock</name>
         <value>0x20000600</value>
         <object_component_ref idref="oc-153"/>
      </symbol>
      <symbol id="sm-54f">
         <name>_unlock</name>
         <value>0x20000604</value>
         <object_component_ref idref="oc-153"/>
      </symbol>
      <symbol id="sm-55e">
         <name>__TI_ltoa</name>
         <value>0x3b93</value>
         <object_component_ref idref="oc-24e"/>
      </symbol>
      <symbol id="sm-574">
         <name>atoi</name>
         <value>0x3c85</value>
         <object_component_ref idref="oc-1ac"/>
      </symbol>
      <symbol id="sm-57f">
         <name>_ctypes_</name>
         <value>0x41f4</value>
         <object_component_ref idref="oc-238"/>
      </symbol>
      <symbol id="sm-594">
         <name>__TI_tmpnams</name>
         <value>0x20000738</value>
      </symbol>
      <symbol id="sm-595">
         <name>__aeabi_stdout</name>
         <value>0x200005ec</value>
         <object_component_ref idref="oc-38f"/>
      </symbol>
      <symbol id="sm-596">
         <name>__aeabi_stderr</name>
         <value>0x200005f0</value>
         <object_component_ref idref="oc-38f"/>
      </symbol>
      <symbol id="sm-597">
         <name>__aeabi_stdin</name>
         <value>0x200005e8</value>
         <object_component_ref idref="oc-38f"/>
      </symbol>
      <symbol id="sm-598">
         <name>_ftable</name>
         <value>0x20000400</value>
         <object_component_ref idref="oc-156"/>
      </symbol>
      <symbol id="sm-599">
         <name>__TI_ft_end</name>
         <value>0x200005e4</value>
         <object_component_ref idref="oc-38f"/>
      </symbol>
      <symbol id="sm-5a9">
         <name>memccpy</name>
         <value>0x4119</value>
         <object_component_ref idref="oc-1d5"/>
      </symbol>
      <symbol id="sm-5b9">
         <name>memchr</name>
         <value>0x40c1</value>
         <object_component_ref idref="oc-2b1"/>
      </symbol>
      <symbol id="sm-642">
         <name>_sys_memory</name>
         <value>0x20000000</value>
         <object_component_ref idref="oc-29"/>
      </symbol>
      <symbol id="sm-643">
         <name>free</name>
         <value>0x2ff5</value>
         <object_component_ref idref="oc-340"/>
      </symbol>
      <symbol id="sm-644">
         <name>memalign</name>
         <value>0x2df9</value>
         <object_component_ref idref="oc-382"/>
      </symbol>
      <symbol id="sm-645">
         <name>malloc</name>
         <value>0x41dd</value>
         <object_component_ref idref="oc-346"/>
      </symbol>
      <symbol id="sm-646">
         <name>aligned_alloc</name>
         <value>0x2df9</value>
         <object_component_ref idref="oc-382"/>
      </symbol>
      <symbol id="sm-656">
         <name>strchr</name>
         <value>0x4167</value>
         <object_component_ref idref="oc-280"/>
      </symbol>
      <symbol id="sm-664">
         <name>strlen</name>
         <value>0x4191</value>
         <object_component_ref idref="oc-1a6"/>
      </symbol>
      <symbol id="sm-67e">
         <name>write</name>
         <value>0x4099</value>
         <object_component_ref idref="oc-2bd"/>
      </symbol>
      <symbol id="sm-68f">
         <name>_stream</name>
         <value>0x20000568</value>
         <object_component_ref idref="oc-31e"/>
      </symbol>
      <symbol id="sm-690">
         <name>_device</name>
         <value>0x200004f0</value>
         <object_component_ref idref="oc-35f"/>
      </symbol>
      <symbol id="sm-6a6">
         <name>__aeabi_errno_addr</name>
         <value>0x41d5</value>
         <object_component_ref idref="oc-1e1"/>
      </symbol>
      <symbol id="sm-6a7">
         <name>errno</name>
         <value>0x20000610</value>
         <object_component_ref idref="oc-290"/>
      </symbol>
      <symbol id="sm-6ba">
         <name>__stack</name>
         <value>0x2000fe00</value>
         <object_component_ref idref="oc-2c"/>
      </symbol>
      <symbol id="sm-6bb">
         <name>_c_int00_noargs</name>
         <value>0x3f89</value>
         <object_component_ref idref="oc-58"/>
      </symbol>
      <symbol id="sm-6db">
         <name>frexpl</name>
         <value>0x38a5</value>
         <object_component_ref idref="oc-274"/>
      </symbol>
      <symbol id="sm-6dc">
         <name>frexp</name>
         <value>0x38a5</value>
         <object_component_ref idref="oc-274"/>
      </symbol>
      <symbol id="sm-6f9">
         <name>scalbn</name>
         <value>0x2ce9</value>
         <object_component_ref idref="oc-27a"/>
      </symbol>
      <symbol id="sm-6fa">
         <name>scalbnl</name>
         <value>0x2ce9</value>
         <object_component_ref idref="oc-27a"/>
      </symbol>
      <symbol id="sm-6fb">
         <name>ldexpl</name>
         <value>0x2ce9</value>
         <object_component_ref idref="oc-27a"/>
      </symbol>
      <symbol id="sm-6fc">
         <name>ldexp</name>
         <value>0x2ce9</value>
         <object_component_ref idref="oc-27a"/>
      </symbol>
      <symbol id="sm-706">
         <name>copysign</name>
         <value>0x4135</value>
         <object_component_ref idref="oc-2f0"/>
      </symbol>
      <symbol id="sm-707">
         <name>copysignl</name>
         <value>0x4135</value>
         <object_component_ref idref="oc-2f0"/>
      </symbol>
      <symbol id="sm-720">
         <name>wcslen</name>
         <value>0x41a5</value>
         <object_component_ref idref="oc-1db"/>
      </symbol>
      <symbol id="sm-730">
         <name>__TI_doflush</name>
         <value>0x3c39</value>
         <object_component_ref idref="oc-2b7"/>
      </symbol>
      <symbol id="sm-740">
         <name>__TI_cleanup</name>
         <value>0x3f21</value>
         <object_component_ref idref="oc-34c"/>
      </symbol>
      <symbol id="sm-752">
         <name>fseek</name>
         <value>0x3909</value>
         <object_component_ref idref="oc-30c"/>
      </symbol>
      <symbol id="sm-75c">
         <name>__aeabi_idiv0</name>
         <value>0x283b</value>
         <object_component_ref idref="oc-2da"/>
      </symbol>
      <symbol id="sm-75d">
         <name>__aeabi_ldiv0</name>
         <value>0x283b</value>
         <object_component_ref idref="oc-2da"/>
      </symbol>
      <symbol id="sm-785">
         <name>__TI_auto_init_nobinit_nopinit</name>
         <value>0x3de9</value>
         <object_component_ref idref="oc-117"/>
      </symbol>
      <symbol id="sm-78f">
         <name>_system_pre_init</name>
         <value>0x41ed</value>
         <object_component_ref idref="oc-9a"/>
      </symbol>
      <symbol id="sm-7a2">
         <name>HOSTclose</name>
         <value>0x3d61</value>
         <object_component_ref idref="oc-39b"/>
      </symbol>
      <symbol id="sm-7b3">
         <name>HOSTlseek</name>
         <value>0x376d</value>
         <object_component_ref idref="oc-3ad"/>
      </symbol>
      <symbol id="sm-7c5">
         <name>parmbuf</name>
         <value>0x200007d8</value>
      </symbol>
      <symbol id="sm-7c6">
         <name>HOSTopen</name>
         <value>0x39d1</value>
         <object_component_ref idref="oc-395"/>
      </symbol>
      <symbol id="sm-7d7">
         <name>HOSTread</name>
         <value>0x3a8d</value>
         <object_component_ref idref="oc-3a1"/>
      </symbol>
      <symbol id="sm-7e8">
         <name>HOSTrename</name>
         <value>0x3701</value>
         <object_component_ref idref="oc-3b9"/>
      </symbol>
      <symbol id="sm-7f9">
         <name>HOSTunlink</name>
         <value>0x3da5</value>
         <object_component_ref idref="oc-3b3"/>
      </symbol>
      <symbol id="sm-80a">
         <name>HOSTwrite</name>
         <value>0x3ae5</value>
         <object_component_ref idref="oc-3a7"/>
      </symbol>
      <symbol id="sm-82e">
         <name>__TI_readmsg</name>
         <value>0x3f55</value>
         <object_component_ref idref="oc-3e8"/>
      </symbol>
      <symbol id="sm-82f">
         <name>C$$IO$$</name>
         <value>0x3edf</value>
         <object_component_ref idref="oc-3e2"/>
      </symbol>
      <symbol id="sm-830">
         <name>__CIOBUF_</name>
         <value>0x20000618</value>
         <object_component_ref idref="oc-413"/>
      </symbol>
      <symbol id="sm-831">
         <name>__TI_writemsg</name>
         <value>0x3eb1</value>
         <object_component_ref idref="oc-3e2"/>
      </symbol>
      <symbol id="sm-842">
         <name>lseek</name>
         <value>0x4071</value>
         <object_component_ref idref="oc-338"/>
      </symbol>
      <symbol id="sm-857">
         <name>__TI_closefile</name>
         <value>0x35ad</value>
         <object_component_ref idref="oc-389"/>
      </symbol>
      <symbol id="sm-87a">
         <name>finddevice</name>
         <value>0x3fbd</value>
         <object_component_ref idref="oc-431"/>
      </symbol>
      <symbol id="sm-87b">
         <name>getdevice</name>
         <value>0x3e2d</value>
         <object_component_ref idref="oc-409"/>
      </symbol>
      <symbol id="sm-88a">
         <name>strcmp</name>
         <value>0x414f</value>
         <object_component_ref idref="oc-448"/>
      </symbol>
      <symbol id="sm-898">
         <name>strcpy</name>
         <value>0x417d</value>
         <object_component_ref idref="oc-3fc"/>
      </symbol>
      <symbol id="sm-8a8">
         <name>strncpy</name>
         <value>0x3ee9</value>
         <object_component_ref idref="oc-42b"/>
      </symbol>
      <symbol id="sm-8bd">
         <name>close</name>
         <value>0x3a31</value>
         <object_component_ref idref="oc-3d1"/>
      </symbol>
      <symbol id="sm-8cd">
         <name>unlink</name>
         <value>0x401d</value>
         <object_component_ref idref="oc-3d7"/>
      </symbol>
      <symbol id="sm-8ce">
         <name>__TI_static_base__</name>
         <value>0x0</value>
      </symbol>
      <symbol id="sm-8d1">
         <name>__mpu_init</name>
         <value>0x0</value>
      </symbol>
      <symbol id="sm-8d2">
         <name>_system_post_cinit</name>
         <value>0x0</value>
      </symbol>
      <symbol id="sm-8d3">
         <name>NMI_Handler</name>
         <value>0x41d1</value>
      </symbol>
      <symbol id="sm-8d4">
         <name>HardFault_Handler</name>
         <value>0x41d1</value>
      </symbol>
      <symbol id="sm-8d5">
         <name>MemManage_Handler</name>
         <value>0x41d1</value>
      </symbol>
      <symbol id="sm-8d6">
         <name>BusFault_Handler</name>
         <value>0x41d1</value>
      </symbol>
      <symbol id="sm-8d7">
         <name>UsageFault_Handler</name>
         <value>0x41d1</value>
      </symbol>
      <symbol id="sm-8d8">
         <name>SVC_Handler</name>
         <value>0x41d1</value>
      </symbol>
      <symbol id="sm-8d9">
         <name>DebugMon_Handler</name>
         <value>0x41d1</value>
      </symbol>
      <symbol id="sm-8da">
         <name>PendSV_Handler</name>
         <value>0x41d1</value>
      </symbol>
      <symbol id="sm-8db">
         <name>SysTick_Handler</name>
         <value>0x41d1</value>
      </symbol>
      <symbol id="sm-8dc">
         <name>PSS_IRQHandler</name>
         <value>0x41d1</value>
      </symbol>
      <symbol id="sm-8dd">
         <name>CS_IRQHandler</name>
         <value>0x41d1</value>
      </symbol>
      <symbol id="sm-8de">
         <name>PCM_IRQHandler</name>
         <value>0x41d1</value>
      </symbol>
      <symbol id="sm-8df">
         <name>WDT_A_IRQHandler</name>
         <value>0x41d1</value>
      </symbol>
      <symbol id="sm-8e0">
         <name>FPU_IRQHandler</name>
         <value>0x41d1</value>
      </symbol>
      <symbol id="sm-8e1">
         <name>FLCTL_IRQHandler</name>
         <value>0x41d1</value>
      </symbol>
      <symbol id="sm-8e2">
         <name>COMP_E0_IRQHandler</name>
         <value>0x41d1</value>
      </symbol>
      <symbol id="sm-8e3">
         <name>COMP_E1_IRQHandler</name>
         <value>0x41d1</value>
      </symbol>
      <symbol id="sm-8e4">
         <name>TA0_0_IRQHandler</name>
         <value>0x41d1</value>
      </symbol>
      <symbol id="sm-8e5">
         <name>TA0_N_IRQHandler</name>
         <value>0x41d1</value>
      </symbol>
      <symbol id="sm-8e6">
         <name>TA1_0_IRQHandler</name>
         <value>0x41d1</value>
      </symbol>
      <symbol id="sm-8e7">
         <name>TA1_N_IRQHandler</name>
         <value>0x41d1</value>
      </symbol>
      <symbol id="sm-8e8">
         <name>TA2_0_IRQHandler</name>
         <value>0x107d</value>
      </symbol>
      <symbol id="sm-8e9">
         <name>TA2_N_IRQHandler</name>
         <value>0x41d1</value>
      </symbol>
      <symbol id="sm-8ea">
         <name>TA3_0_IRQHandler</name>
         <value>0x1123</value>
      </symbol>
      <symbol id="sm-8eb">
         <name>TA3_N_IRQHandler</name>
         <value>0x114d</value>
      </symbol>
      <symbol id="sm-8ec">
         <name>EUSCIA0_IRQHandler</name>
         <value>0x41d1</value>
      </symbol>
      <symbol id="sm-8ed">
         <name>EUSCIA1_IRQHandler</name>
         <value>0x41d1</value>
      </symbol>
      <symbol id="sm-8ee">
         <name>EUSCIA2_IRQHandler</name>
         <value>0x41d1</value>
      </symbol>
      <symbol id="sm-8ef">
         <name>EUSCIA3_IRQHandler</name>
         <value>0x41d1</value>
      </symbol>
      <symbol id="sm-8f0">
         <name>EUSCIB0_IRQHandler</name>
         <value>0x41d1</value>
      </symbol>
      <symbol id="sm-8f1">
         <name>EUSCIB1_IRQHandler</name>
         <value>0x41d1</value>
      </symbol>
      <symbol id="sm-8f2">
         <name>EUSCIB2_IRQHandler</name>
         <value>0x41d1</value>
      </symbol>
      <symbol id="sm-8f3">
         <name>EUSCIB3_IRQHandler</name>
         <value>0x41d1</value>
      </symbol>
      <symbol id="sm-8f4">
         <name>ADC14_IRQHandler</name>
         <value>0x41d1</value>
      </symbol>
      <symbol id="sm-8f5">
         <name>T32_INT1_IRQHandler</name>
         <value>0x41d1</value>
      </symbol>
      <symbol id="sm-8f6">
         <name>T32_INT2_IRQHandler</name>
         <value>0x41d1</value>
      </symbol>
      <symbol id="sm-8f7">
         <name>T32_INTC_IRQHandler</name>
         <value>0x41d1</value>
      </symbol>
      <symbol id="sm-8f8">
         <name>AES256_IRQHandler</name>
         <value>0x41d1</value>
      </symbol>
      <symbol id="sm-8f9">
         <name>RTC_C_IRQHandler</name>
         <value>0x41d1</value>
      </symbol>
      <symbol id="sm-8fa">
         <name>DMA_ERR_IRQHandler</name>
         <value>0x41d1</value>
      </symbol>
      <symbol id="sm-8fb">
         <name>DMA_INT3_IRQHandler</name>
         <value>0x41d1</value>
      </symbol>
      <symbol id="sm-8fc">
         <name>DMA_INT2_IRQHandler</name>
         <value>0x41d1</value>
      </symbol>
      <symbol id="sm-8fd">
         <name>DMA_INT1_IRQHandler</name>
         <value>0x41d1</value>
      </symbol>
      <symbol id="sm-8fe">
         <name>DMA_INT0_IRQHandler</name>
         <value>0x41d1</value>
      </symbol>
      <symbol id="sm-8ff">
         <name>PORT1_IRQHandler</name>
         <value>0x41d1</value>
      </symbol>
      <symbol id="sm-900">
         <name>PORT2_IRQHandler</name>
         <value>0x41d1</value>
      </symbol>
      <symbol id="sm-901">
         <name>PORT3_IRQHandler</name>
         <value>0x41d1</value>
      </symbol>
      <symbol id="sm-902">
         <name>PORT4_IRQHandler</name>
         <value>0x41d1</value>
      </symbol>
      <symbol id="sm-903">
         <name>PORT5_IRQHandler</name>
         <value>0x41d1</value>
      </symbol>
      <symbol id="sm-904">
         <name>PORT6_IRQHandler</name>
         <value>0x41d1</value>
      </symbol>
      <symbol id="sm-905">
         <name>remove</name>
         <value>0x401d</value>
      </symbol>
   </symbol_table>
   <title>Link successful</title>
</link_info>
